Archive member included to satisfy reference by file (symbol)

c:/progra~2/armgnu~1/1142da~1.3re/bin/../lib/gcc/arm-none-eabi/11.3.1/thumb/v6-m/nofp\libgcc.a(_dvmd_tls.o)
                              CMakeFiles/PicoPlayer.dir/C_/Users/tim.KOHLSTEDT0/Documents/Pico/pico-sdk/src/rp2_common/pico_divider/divider.S.obj (__aeabi_idiv0)
c:/progra~2/armgnu~1/1142da~1.3re/bin/../lib/gcc/arm-none-eabi/11.3.1/thumb/v6-m/nofp\libg.a(libc_a-calloc.o)
                              CMakeFiles/PicoPlayer.dir/C_/Users/tim.KOHLSTEDT0/Documents/Pico/pico-sdk/src/rp2_common/pico_malloc/pico_malloc.c.obj (calloc)
c:/progra~2/armgnu~1/1142da~1.3re/bin/../lib/gcc/arm-none-eabi/11.3.1/thumb/v6-m/nofp\libg.a(libc_a-callocr.o)
                              c:/progra~2/armgnu~1/1142da~1.3re/bin/../lib/gcc/arm-none-eabi/11.3.1/thumb/v6-m/nofp\libg.a(libc_a-calloc.o) (_calloc_r)
c:/progra~2/armgnu~1/1142da~1.3re/bin/../lib/gcc/arm-none-eabi/11.3.1/thumb/v6-m/nofp\libg.a(libc_a-malloc.o)
                              CMakeFiles/PicoPlayer.dir/C_/Users/tim.KOHLSTEDT0/Documents/Pico/pico-sdk/src/rp2_common/pico_malloc/pico_malloc.c.obj (malloc)
c:/progra~2/armgnu~1/1142da~1.3re/bin/../lib/gcc/arm-none-eabi/11.3.1/thumb/v6-m/nofp\libg.a(libc_a-mallocr.o)
                              c:/progra~2/armgnu~1/1142da~1.3re/bin/../lib/gcc/arm-none-eabi/11.3.1/thumb/v6-m/nofp\libg.a(libc_a-callocr.o) (_malloc_r)
c:/progra~2/armgnu~1/1142da~1.3re/bin/../lib/gcc/arm-none-eabi/11.3.1/thumb/v6-m/nofp\libg.a(libc_a-mlock.o)
                              c:/progra~2/armgnu~1/1142da~1.3re/bin/../lib/gcc/arm-none-eabi/11.3.1/thumb/v6-m/nofp\libg.a(libc_a-mallocr.o) (__malloc_lock)
c:/progra~2/armgnu~1/1142da~1.3re/bin/../lib/gcc/arm-none-eabi/11.3.1/thumb/v6-m/nofp\libg.a(libc_a-realloc.o)
                              CMakeFiles/PicoPlayer.dir/C_/Users/tim.KOHLSTEDT0/Documents/Pico/pico-sdk/src/rp2_common/pico_malloc/pico_malloc.c.obj (realloc)
c:/progra~2/armgnu~1/1142da~1.3re/bin/../lib/gcc/arm-none-eabi/11.3.1/thumb/v6-m/nofp\libg.a(libc_a-reallocr.o)
                              c:/progra~2/armgnu~1/1142da~1.3re/bin/../lib/gcc/arm-none-eabi/11.3.1/thumb/v6-m/nofp\libg.a(libc_a-realloc.o) (_realloc_r)
c:/progra~2/armgnu~1/1142da~1.3re/bin/../lib/gcc/arm-none-eabi/11.3.1/thumb/v6-m/nofp\libg.a(libc_a-memmove.o)
                              c:/progra~2/armgnu~1/1142da~1.3re/bin/../lib/gcc/arm-none-eabi/11.3.1/thumb/v6-m/nofp\libg.a(libc_a-reallocr.o) (memmove)
c:/progra~2/armgnu~1/1142da~1.3re/bin/../lib/gcc/arm-none-eabi/11.3.1/thumb/v6-m/nofp\libg.a(libc_a-impure.o)
                              c:/progra~2/armgnu~1/1142da~1.3re/bin/../lib/gcc/arm-none-eabi/11.3.1/thumb/v6-m/nofp\libg.a(libc_a-calloc.o) (_impure_ptr)
c:/progra~2/armgnu~1/1142da~1.3re/bin/../lib/gcc/arm-none-eabi/11.3.1/thumb/v6-m/nofp\libg.a(libc_a-sbrkr.o)
                              c:/progra~2/armgnu~1/1142da~1.3re/bin/../lib/gcc/arm-none-eabi/11.3.1/thumb/v6-m/nofp\libg.a(libc_a-mallocr.o) (_sbrk_r)
c:/progra~2/armgnu~1/1142da~1.3re/bin/../lib/gcc/arm-none-eabi/11.3.1/thumb/v6-m/nofp\libg.a(libc_a-errno.o)
                              c:/progra~2/armgnu~1/1142da~1.3re/bin/../lib/gcc/arm-none-eabi/11.3.1/thumb/v6-m/nofp\libg.a(libc_a-callocr.o) (__errno)
c:/progra~2/armgnu~1/1142da~1.3re/bin/../lib/gcc/arm-none-eabi/11.3.1/thumb/v6-m/nofp\libg.a(libc_a-init.o)
                              c:/progra~2/armgnu~1/1142da~1.3re/bin/../lib/gcc/arm-none-eabi/11.3.1/thumb/v6-m/nofp/crt0.o (__libc_init_array)
c:/progra~2/armgnu~1/1142da~1.3re/bin/../lib/gcc/arm-none-eabi/11.3.1/thumb/v6-m/nofp\libg.a(libc_a-lock.o)
                              c:/progra~2/armgnu~1/1142da~1.3re/bin/../lib/gcc/arm-none-eabi/11.3.1/thumb/v6-m/nofp\libg.a(libc_a-mlock.o) (__retarget_lock_acquire_recursive)
c:/progra~2/armgnu~1/1142da~1.3re/bin/../lib/gcc/arm-none-eabi/11.3.1/thumb/v6-m/nofp\libg.a(libc_a-strlen-stub.o)
                              CMakeFiles/PicoPlayer.dir/C_/Users/tim.KOHLSTEDT0/Documents/Pico/pico-sdk/src/rp2_common/pico_stdio/stdio.c.obj (strlen)
c:/progra~2/armgnu~1/1142da~1.3re/bin/../lib/gcc/arm-none-eabi/11.3.1/thumb/v6-m/nofp\libg.a(libc_a-freer.o)
                              c:/progra~2/armgnu~1/1142da~1.3re/bin/../lib/gcc/arm-none-eabi/11.3.1/thumb/v6-m/nofp\libg.a(libc_a-malloc.o) (_free_r)
c:/progra~2/armgnu~1/1142da~1.3re/bin/../lib/gcc/arm-none-eabi/11.3.1/thumb/v6-m/nofp\libg.a(libc_a-findfp.o)
                              c:/progra~2/armgnu~1/1142da~1.3re/bin/../lib/gcc/arm-none-eabi/11.3.1/thumb/v6-m/nofp\libg.a(libc_a-impure.o) (__sf)
c:/progra~2/armgnu~1/1142da~1.3re/bin/../lib/gcc/arm-none-eabi/11.3.1/thumb/v6-m/nofp\libg.a(libc_a-fwalk.o)
                              c:/progra~2/armgnu~1/1142da~1.3re/bin/../lib/gcc/arm-none-eabi/11.3.1/thumb/v6-m/nofp\libg.a(libc_a-findfp.o) (_fwalk_sglue)
c:/progra~2/armgnu~1/1142da~1.3re/bin/../lib/gcc/arm-none-eabi/11.3.1/thumb/v6-m/nofp\libg.a(libc_a-stdio.o)
[...]
Memory Configuration

Name             Origin             Length             Attributes
FLASH            0x10000000         0x00200000         xr
RAM              0x20000000         0x00040000         xrw
SCRATCH_X        0x20040000         0x00001000         xrw
SCRATCH_Y        0x20041000         0x00001000         xrw
*default*        0x00000000         0xffffffff

Linker script and memory map

LOAD c:/progra~2/armgnu~1/1142da~1.3re/bin/../lib/gcc/arm-none-eabi/11.3.1/thumb/v6-m/nofp/crti.o
LOAD c:/progra~2/armgnu~1/1142da~1.3re/bin/../lib/gcc/arm-none-eabi/11.3.1/thumb/v6-m/nofp/crtbegin.o
LOAD c:/progra~2/armgnu~1/1142da~1.3re/bin/../lib/gcc/arm-none-eabi/11.3.1/thumb/v6-m/nofp/crt0.o

.flash_begin    0x10000000        0x0
                0x10000000                __flash_binary_start = .

.boot2          0x10000000      0x100
                0x10000000                __boot2_start__ = .
 *(.boot2)
 .boot2         0x10000000      0x100 C:\Users\TIM~1.KOH\AppData\Local\Temp\ccoqnLl6.o
                0x10000100                __boot2_end__ = .
                0x00000001                ASSERT (((__boot2_end__ - __boot2_start__) == 0x100), ERROR: Pico second stage bootloader must be 256 bytes in size)

.text           0x10000100     0x7168
                0x10000100                __logical_binary_start = .
 *(.vectors)
 .vectors       0x10000100       0xd4 CMakeFiles/PicoPlayer.dir/C_/Users/tim.KOHLSTEDT0/Documents/Pico/pico-sdk/src/rp2_common/pico_standard_link/crt0.S.obj
                0x10000100                __VECTOR_TABLE
                0x10000100                __vectors
                0x100001c0                isr_invalid
                0x100001c0                __default_isrs_start
                0x100001c2                isr_nmi
                0x100001c4                isr_hardfault
                0x100001c6                isr_svcall
                0x100001c8                isr_pendsv
                0x100001ca                isr_systick
                0x100001cc                isr_irq23
                0x100001cc                isr_irq18
                0x100001cc                isr_irq11
                0x100001cc                isr_irq28
                0x100001cc                isr_irq19
                0x100001cc                isr_irq0
                0x100001cc                isr_irq6
                0x100001cc                isr_irq5
                0x100001cc                isr_irq12
                0x100001cc                isr_irq22
                0x100001cc                isr_irq31
                0x100001cc                isr_irq17
                0x100001cc                isr_irq27
                0x100001cc                isr_irq30
                0x100001cc                isr_irq2
                0x100001cc                isr_irq10
                0x100001cc                isr_irq8
                0x100001cc                isr_irq24
                0x100001cc                isr_irq1
                0x100001cc                isr_irq7
                0x100001cc                isr_irq21
                0x100001cc                isr_irq20
                0x100001cc                isr_irq15
                0x100001cc                isr_irq25
                0x100001cc                isr_irq13
                0x100001cc                __unhandled_user_irq
                0x100001cc                isr_irq4
                0x100001cc                isr_irq16
                0x100001cc                isr_irq29
                0x100001cc                isr_irq26
                0x100001cc                __default_isrs_end
                0x100001cc                isr_irq3
                0x100001cc                isr_irq14
                0x100001cc                isr_irq9
                0x100001d2                unhandled_user_irq_num_in_r0
 *(.binary_info_header)
 .binary_info_header
                0x100001d4       0x14 CMakeFiles/PicoPlayer.dir/C_/Users/tim.KOHLSTEDT0/Documents/Pico/pico-sdk/src/rp2_common/pico_standard_link/crt0.S.obj
                0x100001e8                __binary_info_header_end = .
 *(.reset)
 .reset         0x100001e8       0xa0 CMakeFiles/PicoPlayer.dir/C_/Users/tim.KOHLSTEDT0/Documents/Pico/pico-sdk/src/rp2_common/pico_standard_link/crt0.S.obj
                0x100001e8                _entry_point
 .reset         0x10000288       0x30 CMakeFiles/PicoPlayer.dir/C_/Users/tim.KOHLSTEDT0/Documents/Pico/pico-sdk/src/rp2_common/pico_standard_link/binary_info.c.obj
 *(.init)
 .init          0x100002b8        0x4 c:/progra~2/armgnu~1/1142da~1.3re/bin/../lib/gcc/arm-none-eabi/11.3.1/thumb/v6-m/nofp/crti.o
                0x100002b8                _init
 *(EXCLUDE_FILE(*libm.a: *libc.a:*lib_a-mem*.o *libgcc.a:) .text*)
 .text.register_tm_clones
                0x100002bc       0x28 c:/progra~2/armgnu~1/1142da~1.3re/bin/../lib/gcc/arm-none-eabi/11.3.1/thumb/v6-m/nofp/crtbegin.o
 .text.frame_dummy
                0x100002e4       0x24 c:/progra~2/armgnu~1/1142da~1.3re/bin/../lib/gcc/arm-none-eabi/11.3.1/thumb/v6-m/nofp/crtbegin.o
 .text.alarm_callback
                0x10000308        0x6 CMakeFiles/PicoPlayer.dir/PicoPlayer.c.obj
                0x10000308                alarm_callback
 *fill*         0x1000030e        0x2 
 .text.main     0x10000310       0xf0 CMakeFiles/PicoPlayer.dir/PicoPlayer.c.obj
                0x10000310                main
 .text.gpio_set_function
                0x10000400       0x30 CMakeFiles/PicoPlayer.dir/C_/Users/tim.KOHLSTEDT0/Documents/Pico/pico-sdk/src/rp2_common/hardware_gpio/gpio.c.obj
                0x10000400                gpio_set_function
 .text.gpio_set_pulls
                0x10000430       0x34 CMakeFiles/PicoPlayer.dir/C_/Users/tim.KOHLSTEDT0/Documents/Pico/pico-sdk/src/rp2_common/hardware_gpio/gpio.c.obj
                0x10000430                gpio_set_pulls
 .text.running_on_fpga
                0x10000464       0x14 CMakeFiles/PicoPlayer.dir/C_/Users/tim.KOHLSTEDT0/Documents/Pico/pico-sdk/src/rp2_common/pico_platform/platform.c.obj
                0x10000464                running_on_fpga
 .text.hw_claim_lock
                0x10000478       0x18 CMakeFiles/PicoPlayer.dir/C_/Users/tim.KOHLSTEDT0/Documents/Pico/pico-sdk/src/rp2_common/hardware_claim/claim.c.obj
                0x10000478                hw_claim_lock
 .text.hw_claim_unlock
                0x10000490       0x14 CMakeFiles/PicoPlayer.dir/C_/Users/tim.KOHLSTEDT0/Documents/Pico/pico-sdk/src/rp2_common/hardware_claim/claim.c.obj
                0x10000490                hw_claim_unlock
 .text.hw_claim_or_assert
                0x100004a4       0x32 CMakeFiles/PicoPlayer.dir/C_/Users/tim.KOHLSTEDT0/Documents/Pico/pico-sdk/src/rp2_common/hardware_claim/claim.c.obj
                0x100004a4                hw_claim_or_assert
 .text.hw_claim_unused_from_range
                0x100004d6       0x50 CMakeFiles/PicoPlayer.dir/C_/Users/tim.KOHLSTEDT0/Documents/Pico/pico-sdk/src/rp2_common/hardware_claim/claim.c.obj
                0x100004d6                hw_claim_unused_from_range
 *fill*         0x10000526        0x2 
 .text.spin_locks_reset
                0x10000528       0x20 CMakeFiles/PicoPlayer.dir/C_/Users/tim.KOHLSTEDT0/Documents/Pico/pico-sdk/src/rp2_common/hardware_sync/sync.c.obj
                0x10000528                spin_locks_reset
 .text.next_striped_spin_lock_num
                0x10000548       0x1c CMakeFiles/PicoPlayer.dir/C_/Users/tim.KOHLSTEDT0/Documents/Pico/pico-sdk/src/rp2_common/hardware_sync/sync.c.obj
                0x10000548                next_striped_spin_lock_num
 .text.spin_lock_claim_unused
                0x10000564       0x24 CMakeFiles/PicoPlayer.dir/C_/Users/tim.KOHLSTEDT0/Documents/Pico/pico-sdk/src/rp2_common/hardware_sync/sync.c.obj
                0x10000564                spin_lock_claim_unused
 .text.set_raw_irq_handler_and_unlock
                0x10000588       0x28 CMakeFiles/PicoPlayer.dir/C_/Users/tim.KOHLSTEDT0/Documents/Pico/pico-sdk/src/rp2_common/hardware_irq/irq.c.obj
 .text.make_branch
                0x100005b0       0x48 CMakeFiles/PicoPlayer.dir/C_/Users/tim.KOHLSTEDT0/Documents/Pico/pico-sdk/src/rp2_common/hardware_irq/irq.c.obj
 .text.insert_branch_and_link
                0x100005f8       0x40 CMakeFiles/PicoPlayer.dir/C_/Users/tim.KOHLSTEDT0/Documents/Pico/pico-sdk/src/rp2_common/hardware_irq/irq.c.obj
 .text.irq_is_enabled
                0x10000638       0x18 CMakeFiles/PicoPlayer.dir/C_/Users/tim.KOHLSTEDT0/Documents/Pico/pico-sdk/src/rp2_common/hardware_irq/irq.c.obj
                0x10000638                irq_is_enabled
 .text.irq_set_mask_enabled
                0x10000650       0x20 CMakeFiles/PicoPlayer.dir/C_/Users/tim.KOHLSTEDT0/Documents/Pico/pico-sdk/src/rp2_common/hardware_irq/irq.c.obj
                0x10000650                irq_set_mask_enabled
 .text.irq_set_enabled
                0x10000670        0xe CMakeFiles/PicoPlayer.dir/C_/Users/tim.KOHLSTEDT0/Documents/Pico/pico-sdk/src/rp2_common/hardware_irq/irq.c.obj
                0x10000670                irq_set_enabled
 *fill*         0x1000067e        0x2 
 .text.irq_set_pending
                0x10000680       0x10 CMakeFiles/PicoPlayer.dir/C_/Users/tim.KOHLSTEDT0/Documents/Pico/pico-sdk/src/rp2_common/hardware_irq/irq.c.obj
                0x10000680                irq_set_pending
 .text.irq_get_vtable_handler
                0x10000690       0x10 CMakeFiles/PicoPlayer.dir/C_/Users/tim.KOHLSTEDT0/Documents/Pico/pico-sdk/src/rp2_common/hardware_irq/irq.c.obj
                0x10000690                irq_get_vtable_handler
 .text.irq_has_shared_handler
                0x100006a0       0x24 CMakeFiles/PicoPlayer.dir/C_/Users/tim.KOHLSTEDT0/Documents/Pico/pico-sdk/src/rp2_common/hardware_irq/irq.c.obj
                0x100006a0                irq_has_shared_handler
 .text.irq_set_exclusive_handler
                0x100006c4       0x54 CMakeFiles/PicoPlayer.dir/C_/Users/tim.KOHLSTEDT0/Documents/Pico/pico-sdk/src/rp2_common/hardware_irq/irq.c.obj
                0x100006c4                irq_set_exclusive_handler
 .text.irq_add_shared_handler
                0x10000718      0x230 CMakeFiles/PicoPlayer.dir/C_/Users/tim.KOHLSTEDT0/Documents/Pico/pico-sdk/src/rp2_common/hardware_irq/irq.c.obj
                0x10000718                irq_add_shared_handler
 .text.irq_remove_handler
                0x10000948      0x1a8 CMakeFiles/PicoPlayer.dir/C_/Users/tim.KOHLSTEDT0/Documents/Pico/pico-sdk/src/rp2_common/hardware_irq/irq.c.obj
                0x10000948                irq_remove_handler
 .text.irq_add_tail_to_free_list
                0x10000af0       0xf0 CMakeFiles/PicoPlayer.dir/C_/Users/tim.KOHLSTEDT0/Documents/Pico/pico-sdk/src/rp2_common/hardware_irq/irq.c.obj
                0x10000af0                irq_add_tail_to_free_list
 .text.irq_init_priorities
                0x10000be0       0x1c CMakeFiles/PicoPlayer.dir/C_/Users/tim.KOHLSTEDT0/Documents/Pico/pico-sdk/src/rp2_common/hardware_irq/irq.c.obj
                0x10000be0                irq_init_priorities
 .text.user_irq_claim_unused
                0x10000bfc       0x2c CMakeFiles/PicoPlayer.dir/C_/Users/tim.KOHLSTEDT0/Documents/Pico/pico-sdk/src/rp2_common/hardware_irq/irq.c.obj
                0x10000bfc                user_irq_claim_unused
 .text.lock_init
                0x10000c28       0x10 CMakeFiles/PicoPlayer.dir/C_/Users/tim.KOHLSTEDT0/Documents/Pico/pico-sdk/src/common/pico_sync/lock_core.c.obj
                0x10000c28                lock_init
 .text.mutex_init
                0x10000c38       0x1a CMakeFiles/PicoPlayer.dir/C_/Users/tim.KOHLSTEDT0/Documents/Pico/pico-sdk/src/common/pico_sync/mutex.c.obj
                0x10000c38                mutex_init
 .text.recursive_mutex_init
                0x10000c52       0x1e CMakeFiles/PicoPlayer.dir/C_/Users/tim.KOHLSTEDT0/Documents/Pico/pico-sdk/src/common/pico_sync/mutex.c.obj
                0x10000c52                recursive_mutex_init
 .text.critical_section_init_with_lock_num
                0x10000c70       0x14 CMakeFiles/PicoPlayer.dir/C_/Users/tim.KOHLSTEDT0/Documents/Pico/pico-sdk/src/common/pico_sync/critical_section.c.obj
                0x10000c70                critical_section_init_with_lock_num
 .text.critical_section_init
                0x10000c84       0x14 CMakeFiles/PicoPlayer.dir/C_/Users/tim.KOHLSTEDT0/Documents/Pico/pico-sdk/src/common/pico_sync/critical_section.c.obj
                0x10000c84                critical_section_init
 .text.alarm_pool_post_alloc_init
                0x10000c98       0x40 CMakeFiles/PicoPlayer.dir/C_/Users/tim.KOHLSTEDT0/Documents/Pico/pico-sdk/src/common/pico_time/time.c.obj
 .text.sleep_until_callback
                0x10000cd8       0x30 CMakeFiles/PicoPlayer.dir/C_/Users/tim.KOHLSTEDT0/Documents/Pico/pico-sdk/src/common/pico_time/time.c.obj
 .text.timer_pool_entry_comparator
                0x10000d08       0x78 CMakeFiles/PicoPlayer.dir/C_/Users/tim.KOHLSTEDT0/Documents/Pico/pico-sdk/src/common/pico_time/time.c.obj
                0x10000d08                timer_pool_entry_comparator
 .text.ph_add_child_node
                0x10000d80       0xa0 CMakeFiles/PicoPlayer.dir/C_/Users/tim.KOHLSTEDT0/Documents/Pico/pico-sdk/src/common/pico_time/time.c.obj
 .text.ph_merge_nodes
                0x10000e20       0x3e CMakeFiles/PicoPlayer.dir/C_/Users/tim.KOHLSTEDT0/Documents/Pico/pico-sdk/src/common/pico_time/time.c.obj
 *fill*         0x10000e5e        0x2 
 .text.add_alarm_under_lock
                0x10000e60      0x16c CMakeFiles/PicoPlayer.dir/C_/Users/tim.KOHLSTEDT0/Documents/Pico/pico-sdk/src/common/pico_time/time.c.obj
 .text.alarm_pool_alarm_callback
                0x10000fcc      0x33c CMakeFiles/PicoPlayer.dir/C_/Users/tim.KOHLSTEDT0/Documents/Pico/pico-sdk/src/common/pico_time/time.c.obj
 .text.alarm_pool_init_default
                0x10001308       0x40 CMakeFiles/PicoPlayer.dir/C_/Users/tim.KOHLSTEDT0/Documents/Pico/pico-sdk/src/common/pico_time/time.c.obj
                0x10001308                alarm_pool_init_default
 .text.alarm_pool_get_default
                0x10001348       0x2c CMakeFiles/PicoPlayer.dir/C_/Users/tim.KOHLSTEDT0/Documents/Pico/pico-sdk/src/common/pico_time/time.c.obj
                0x10001348                alarm_pool_get_default
 .text.alarm_pool_add_alarm_at
                0x10001374      0x16c CMakeFiles/PicoPlayer.dir/C_/Users/tim.KOHLSTEDT0/Documents/Pico/pico-sdk/src/common/pico_time/time.c.obj
                0x10001374                alarm_pool_add_alarm_at
 .text.alarm_pool_cancel_alarm
                0x100014e0       0xec CMakeFiles/PicoPlayer.dir/C_/Users/tim.KOHLSTEDT0/Documents/Pico/pico-sdk/src/common/pico_time/time.c.obj
                0x100014e0                alarm_pool_cancel_alarm
 .text.alarm_pool_core_num
                0x100015cc        0x4 CMakeFiles/PicoPlayer.dir/C_/Users/tim.KOHLSTEDT0/Documents/Pico/pico-sdk/src/common/pico_time/time.c.obj
                0x100015cc                alarm_pool_core_num
 .text.best_effort_wfe_or_timeout
                0x100015d0       0xac CMakeFiles/PicoPlayer.dir/C_/Users/tim.KOHLSTEDT0/Documents/Pico/pico-sdk/src/common/pico_time/time.c.obj
                0x100015d0                best_effort_wfe_or_timeout
 .text.hardware_alarm_irq_handler
                0x1000167c       0x8c CMakeFiles/PicoPlayer.dir/C_/Users/tim.KOHLSTEDT0/Documents/Pico/pico-sdk/src/rp2_common/hardware_timer/timer.c.obj
 .text.hardware_alarm_claim
                0x10001708       0x18 CMakeFiles/PicoPlayer.dir/C_/Users/tim.KOHLSTEDT0/Documents/Pico/pico-sdk/src/rp2_common/hardware_timer/timer.c.obj
                0x10001708                hardware_alarm_claim
 .text.time_us_64
                0x10001720       0x18 CMakeFiles/PicoPlayer.dir/C_/Users/tim.KOHLSTEDT0/Documents/Pico/pico-sdk/src/rp2_common/hardware_timer/timer.c.obj
                0x10001720                time_us_64
 .text.hardware_alarm_set_callback
                0x10001738       0x90 CMakeFiles/PicoPlayer.dir/C_/Users/tim.KOHLSTEDT0/Documents/Pico/pico-sdk/src/rp2_common/hardware_timer/timer.c.obj
                0x10001738                hardware_alarm_set_callback
 .text.hardware_alarm_set_target
                0x100017c8       0xe8 CMakeFiles/PicoPlayer.dir/C_/Users/tim.KOHLSTEDT0/Documents/Pico/pico-sdk/src/rp2_common/hardware_timer/timer.c.obj
                0x100017c8                hardware_alarm_set_target
 .text.hardware_alarm_cancel
                0x100018b0       0x40 CMakeFiles/PicoPlayer.dir/C_/Users/tim.KOHLSTEDT0/Documents/Pico/pico-sdk/src/rp2_common/hardware_timer/timer.c.obj
                0x100018b0                hardware_alarm_cancel
 .text.ph_add_child_node
                0x100018f0       0xa0 CMakeFiles/PicoPlayer.dir/C_/Users/tim.KOHLSTEDT0/Documents/Pico/pico-sdk/src/common/pico_util/pheap.c.obj
 .text.ph_merge_nodes
                0x10001990       0x3e CMakeFiles/PicoPlayer.dir/C_/Users/tim.KOHLSTEDT0/Documents/Pico/pico-sdk/src/common/pico_util/pheap.c.obj
 *fill*         0x100019ce        0x2 
 .text.ph_clear
                0x100019d0       0x70 CMakeFiles/PicoPlayer.dir/C_/Users/tim.KOHLSTEDT0/Documents/Pico/pico-sdk/src/common/pico_util/pheap.c.obj
                0x100019d0                ph_clear
 .text.ph_post_alloc_init
                0x10001a40        0xe CMakeFiles/PicoPlayer.dir/C_/Users/tim.KOHLSTEDT0/Documents/Pico/pico-sdk/src/common/pico_util/pheap.c.obj
                0x10001a40                ph_post_alloc_init
 *fill*         0x10001a4e        0x2 
 .text.ph_merge_two_pass
                0x10001a50       0xa4 CMakeFiles/PicoPlayer.dir/C_/Users/tim.KOHLSTEDT0/Documents/Pico/pico-sdk/src/common/pico_util/pheap.c.obj
                0x10001a50                ph_merge_two_pass
 .text.ph_remove_any_head
                0x10001af4      0x120 CMakeFiles/PicoPlayer.dir/C_/Users/tim.KOHLSTEDT0/Documents/Pico/pico-sdk/src/common/pico_util/pheap.c.obj
 .text.ph_remove_head
                0x10001c14       0x14 CMakeFiles/PicoPlayer.dir/C_/Users/tim.KOHLSTEDT0/Documents/Pico/pico-sdk/src/common/pico_util/pheap.c.obj
                0x10001c14                ph_remove_head
 .text.ph_remove_and_free_node
                0x10001c28       0xf8 CMakeFiles/PicoPlayer.dir/C_/Users/tim.KOHLSTEDT0/Documents/Pico/pico-sdk/src/common/pico_util/pheap.c.obj
                0x10001c28                ph_remove_and_free_node
 .text.uart_set_baudrate
                0x10001d20       0x5c CMakeFiles/PicoPlayer.dir/C_/Users/tim.KOHLSTEDT0/Documents/Pico/pico-sdk/src/rp2_common/hardware_uart/uart.c.obj
                0x10001d20                uart_set_baudrate
 .text.uart_set_translate_crlf
                0x10001d7c       0x28 CMakeFiles/PicoPlayer.dir/C_/Users/tim.KOHLSTEDT0/Documents/Pico/pico-sdk/src/rp2_common/hardware_uart/uart.c.obj
                0x10001d7c                uart_set_translate_crlf
 .text.uart_init
                0x10001da4       0x80 CMakeFiles/PicoPlayer.dir/C_/Users/tim.KOHLSTEDT0/Documents/Pico/pico-sdk/src/rp2_common/hardware_uart/uart.c.obj
                0x10001da4                uart_init
 .text.clock_configure
                0x10001e24      0x104 CMakeFiles/PicoPlayer.dir/C_/Users/tim.KOHLSTEDT0/Documents/Pico/pico-sdk/src/rp2_common/hardware_clocks/clocks.c.obj
                0x10001e24                clock_configure
 .text.clocks_init
                0x10001f28      0x100 CMakeFiles/PicoPlayer.dir/C_/Users/tim.KOHLSTEDT0/Documents/Pico/pico-sdk/src/rp2_common/hardware_clocks/clocks.c.obj
                0x10001f28                clocks_init
 .text.clock_get_hz
                0x10002028        0xc CMakeFiles/PicoPlayer.dir/C_/Users/tim.KOHLSTEDT0/Documents/Pico/pico-sdk/src/rp2_common/hardware_clocks/clocks.c.obj
                0x10002028                clock_get_hz
 .text.pll_init
                0x10002034      0x12c CMakeFiles/PicoPlayer.dir/C_/Users/tim.KOHLSTEDT0/Documents/Pico/pico-sdk/src/rp2_common/hardware_pll/pll.c.obj
                0x10002034                pll_init
 .text.watchdog_start_tick
                0x10002160       0x10 CMakeFiles/PicoPlayer.dir/C_/Users/tim.KOHLSTEDT0/Documents/Pico/pico-sdk/src/rp2_common/hardware_watchdog/watchdog.c.obj
                0x10002160                watchdog_start_tick
 .text.watchdog_update
                0x10002170       0x14 CMakeFiles/PicoPlayer.dir/C_/Users/tim.KOHLSTEDT0/Documents/Pico/pico-sdk/src/rp2_common/hardware_watchdog/watchdog.c.obj
                0x10002170                watchdog_update
 .text._watchdog_enable
                0x10002184       0x78 CMakeFiles/PicoPlayer.dir/C_/Users/tim.KOHLSTEDT0/Documents/Pico/pico-sdk/src/rp2_common/hardware_watchdog/watchdog.c.obj
                0x10002184                _watchdog_enable
 .text.watchdog_reboot
                0x100021fc       0x48 CMakeFiles/PicoPlayer.dir/C_/Users/tim.KOHLSTEDT0/Documents/Pico/pico-sdk/src/rp2_common/hardware_watchdog/watchdog.c.obj
                0x100021fc                watchdog_reboot
 .text.xosc_init
                0x10002244       0x28 CMakeFiles/PicoPlayer.dir/C_/Users/tim.KOHLSTEDT0/Documents/Pico/pico-sdk/src/rp2_common/hardware_xosc/xosc.c.obj
                0x10002244                xosc_init
 .text._exit    0x1000226c        0x4 CMakeFiles/PicoPlayer.dir/C_/Users/tim.KOHLSTEDT0/Documents/Pico/pico-sdk/src/rp2_common/pico_runtime/runtime.c.obj
                0x1000226c                _exit
 .text.exit     0x10002270        0x6 CMakeFiles/PicoPlayer.dir/C_/Users/tim.KOHLSTEDT0/Documents/Pico/pico-sdk/src/rp2_common/pico_runtime/runtime.c.obj
                0x10002270                exit
 *fill*         0x10002276        0x2 
 .text.__assert_func
                0x10002278       0x3c CMakeFiles/PicoPlayer.dir/C_/Users/tim.KOHLSTEDT0/Documents/Pico/pico-sdk/src/rp2_common/pico_runtime/runtime.c.obj
                0x10002278                __assert_func
 .text.runtime_init
                0x100022b4       0xf8 CMakeFiles/PicoPlayer.dir/C_/Users/tim.KOHLSTEDT0/Documents/Pico/pico-sdk/src/rp2_common/pico_runtime/runtime.c.obj
                0x100022b4                runtime_init
 .text.panic    0x100023ac       0x30 CMakeFiles/PicoPlayer.dir/C_/Users/tim.KOHLSTEDT0/Documents/Pico/pico-sdk/src/rp2_common/pico_runtime/runtime.c.obj
                0x100023ac                panic
 .text._out_null
                0x100023dc        0x2 CMakeFiles/PicoPlayer.dir/C_/Users/tim.KOHLSTEDT0/Documents/Pico/pico-sdk/src/rp2_common/pico_printf/printf.c.obj
 .text._out_fct
                0x100023de        0xe CMakeFiles/PicoPlayer.dir/C_/Users/tim.KOHLSTEDT0/Documents/Pico/pico-sdk/src/rp2_common/pico_printf/printf.c.obj
 .text._atoi    0x100023ec       0x24 CMakeFiles/PicoPlayer.dir/C_/Users/tim.KOHLSTEDT0/Documents/Pico/pico-sdk/src/rp2_common/pico_printf/printf.c.obj
 .text._out_rev
                0x10002410       0xae CMakeFiles/PicoPlayer.dir/C_/Users/tim.KOHLSTEDT0/Documents/Pico/pico-sdk/src/rp2_common/pico_printf/printf.c.obj
 .text._ntoa_format
                0x100024be      0x112 CMakeFiles/PicoPlayer.dir/C_/Users/tim.KOHLSTEDT0/Documents/Pico/pico-sdk/src/rp2_common/pico_printf/printf.c.obj
 .text._ntoa_long
                0x100025d0       0xbc CMakeFiles/PicoPlayer.dir/C_/Users/tim.KOHLSTEDT0/Documents/Pico/pico-sdk/src/rp2_common/pico_printf/printf.c.obj
 .text._ntoa_long_long
                0x1000268c       0xe2 CMakeFiles/PicoPlayer.dir/C_/Users/tim.KOHLSTEDT0/Documents/Pico/pico-sdk/src/rp2_common/pico_printf/printf.c.obj
 *fill*         0x1000276e        0x2 
 .text._etoa    0x10002770      0x414 CMakeFiles/PicoPlayer.dir/C_/Users/tim.KOHLSTEDT0/Documents/Pico/pico-sdk/src/rp2_common/pico_printf/printf.c.obj
 .text._ftoa    0x10002b84      0x354 CMakeFiles/PicoPlayer.dir/C_/Users/tim.KOHLSTEDT0/Documents/Pico/pico-sdk/src/rp2_common/pico_printf/printf.c.obj
 .text._vsnprintf
                0x10002ed8      0x650 CMakeFiles/PicoPlayer.dir/C_/Users/tim.KOHLSTEDT0/Documents/Pico/pico-sdk/src/rp2_common/pico_printf/printf.c.obj
 .text.vfctprintf
                0x10003528       0x20 CMakeFiles/PicoPlayer.dir/C_/Users/tim.KOHLSTEDT0/Documents/Pico/pico-sdk/src/rp2_common/pico_printf/printf.c.obj
                0x10003528                vfctprintf
 .text          0x10003548       0x10 CMakeFiles/PicoPlayer.dir/C_/Users/tim.KOHLSTEDT0/Documents/Pico/pico-sdk/src/rp2_common/pico_bit_ops/bit_ops_aeabi.S.obj
 .text.rom_func_lookup
                0x10003558       0x10 CMakeFiles/PicoPlayer.dir/C_/Users/tim.KOHLSTEDT0/Documents/Pico/pico-sdk/src/rp2_common/pico_bootrom/bootrom.c.obj
                0x10003558                rom_func_lookup
 .text.rom_data_lookup
                0x10003568       0x10 CMakeFiles/PicoPlayer.dir/C_/Users/tim.KOHLSTEDT0/Documents/Pico/pico-sdk/src/rp2_common/pico_bootrom/bootrom.c.obj
                0x10003568                rom_data_lookup
 .text.rom_funcs_lookup
                0x10003578       0x36 CMakeFiles/PicoPlayer.dir/C_/Users/tim.KOHLSTEDT0/Documents/Pico/pico-sdk/src/rp2_common/pico_bootrom/bootrom.c.obj
                0x10003578                rom_funcs_lookup
 *fill*         0x100035ae        0x2 
 .text.__wrap___aeabi_idiv
                0x100035b0       0x50 CMakeFiles/PicoPlayer.dir/C_/Users/tim.KOHLSTEDT0/Documents/Pico/pico-sdk/src/rp2_common/pico_divider/divider.S.obj
                0x100035b0                __wrap___aeabi_idivmod
                0x100035b0                divmod_s32s32
                0x100035b0                div_s32s32
                0x100035b0                __wrap___aeabi_idiv
                0x100035b8                divmod_s32s32_unsafe
                0x100035e4                divmod_s32s32_savestate
 .text.__wrap___aeabi_uidiv
                0x10003600       0x4c CMakeFiles/PicoPlayer.dir/C_/Users/tim.KOHLSTEDT0/Documents/Pico/pico-sdk/src/rp2_common/pico_divider/divider.S.obj
                0x10003600                __wrap___aeabi_uidiv
                0x10003600                __wrap___aeabi_uidivmod
                0x10003600                div_u32u32
                0x10003600                divmod_u32u32
                0x10003608                divmod_u32u32_unsafe
                0x10003630                divmod_u32u32_savestate
 .text.__wrap___aeabi_ldiv
                0x1000364c      0x424 CMakeFiles/PicoPlayer.dir/C_/Users/tim.KOHLSTEDT0/Documents/Pico/pico-sdk/src/rp2_common/pico_divider/divider.S.obj
                0x1000364c                div_s64s64
                0x1000364c                divmod_s64s64
                0x1000364c                __wrap___aeabi_ldivmod
                0x1000367c                divmod_u64u64
                0x1000367c                div_u64u64
                0x1000367c                __wrap___aeabi_uldivmod
                0x1000368c                divmod_u64u64_savestate
                0x100036ac                divmod_s64s64_unsafe
                0x10003734                divmod_u64u64_unsafe
 .text.__wrap___aeabi_darithmetic
                0x10003a70       0x80 CMakeFiles/PicoPlayer.dir/C_/Users/tim.KOHLSTEDT0/Documents/Pico/pico-sdk/src/rp2_common/pico_double/double_aeabi.S.obj
                0x10003a70                __wrap___aeabi_drsub
                0x10003a76                __wrap___aeabi_dsub
                0x10003a88                __wrap___aeabi_dadd
                0x10003a9a                __wrap___aeabi_ddiv
                0x10003ad6                __wrap___aeabi_dmul
 .text.__wrap___aeabi_cdcmple
                0x10003af0       0x6c CMakeFiles/PicoPlayer.dir/C_/Users/tim.KOHLSTEDT0/Documents/Pico/pico-sdk/src/rp2_common/pico_double/double_aeabi.S.obj
                0x10003af0                __wrap___aeabi_cdrcmple
                0x10003b00                __wrap___aeabi_cdcmpeq
                0x10003b00                __wrap___aeabi_cdcmple
 .text.__wrap___aeabi_dcmplt
                0x10003b5c        0xc CMakeFiles/PicoPlayer.dir/C_/Users/tim.KOHLSTEDT0/Documents/Pico/pico-sdk/src/rp2_common/pico_double/double_aeabi.S.obj
                0x10003b5c                __wrap___aeabi_dcmplt
 .text.__wrap___aeabi_dcmple
                0x10003b68       0x10 CMakeFiles/PicoPlayer.dir/C_/Users/tim.KOHLSTEDT0/Documents/Pico/pico-sdk/src/rp2_common/pico_double/double_aeabi.S.obj
                0x10003b68                __wrap___aeabi_dcmple
 .text.__wrap___aeabi_dcmpge
                0x10003b78       0x10 CMakeFiles/PicoPlayer.dir/C_/Users/tim.KOHLSTEDT0/Documents/Pico/pico-sdk/src/rp2_common/pico_double/double_aeabi.S.obj
                0x10003b78                __wrap___aeabi_dcmpge
 .text.__wrap___aeabi_dcmpgt
                0x10003b88        0xa CMakeFiles/PicoPlayer.dir/C_/Users/tim.KOHLSTEDT0/Documents/Pico/pico-sdk/src/rp2_common/pico_double/double_aeabi.S.obj
                0x10003b88                __wrap___aeabi_dcmpgt
 .text.__wrap___aeabi_dcmpun
                0x10003b92       0x1c CMakeFiles/PicoPlayer.dir/C_/Users/tim.KOHLSTEDT0/Documents/Pico/pico-sdk/src/rp2_common/pico_double/double_aeabi.S.obj
                0x10003b92                __wrap___aeabi_dcmpun
 *fill*         0x10003bae        0x2 
 .text.__wrap___aeabi_i2d
                0x10003bb0       0x38 CMakeFiles/PicoPlayer.dir/C_/Users/tim.KOHLSTEDT0/Documents/Pico/pico-sdk/src/rp2_common/pico_double/double_aeabi.S.obj
                0x10003bb0                __wrap___aeabi_ui2d
                0x10003bb8                __wrap___aeabi_i2d
 .text.__wrap___aeabi_d2iz
                0x10003be8       0x48 CMakeFiles/PicoPlayer.dir/C_/Users/tim.KOHLSTEDT0/Documents/Pico/pico-sdk/src/rp2_common/pico_double/double_aeabi.S.obj
                0x10003be8                double2int_z
                0x10003be8                __wrap___aeabi_d2iz
 .text.__wrap___aeabi_d2uiz
                0x10003c30       0x18 CMakeFiles/PicoPlayer.dir/C_/Users/tim.KOHLSTEDT0/Documents/Pico/pico-sdk/src/rp2_common/pico_double/double_aeabi.S.obj
                0x10003c30                __wrap___aeabi_d2uiz
                0x10003c30                double2uint
 .text.__aeabi_double_init
                0x10003c48       0xc8 CMakeFiles/PicoPlayer.dir/C_/Users/tim.KOHLSTEDT0/Documents/Pico/pico-sdk/src/rp2_common/pico_double/double_init_rom.c.obj
                0x10003c48                __aeabi_double_init
 .text.double_table_shim_on_use_helper
                0x10003d10       0x34 CMakeFiles/PicoPlayer.dir/C_/Users/tim.KOHLSTEDT0/Documents/Pico/pico-sdk/src/rp2_common/pico_double/double_v1_rom_shim.S.obj
                0x10003d10                double_table_shim_on_use_helper
 .text.__wrap___aeabi_dsub
                0x10003d44       0x10 CMakeFiles/PicoPlayer.dir/C_/Users/tim.KOHLSTEDT0/Documents/Pico/pico-sdk/src/rp2_common/pico_double/double_v1_rom_shim.S.obj
                0x10003d44                drsub_shim
                0x10003d4a                dsub_shim
 .text.dadd_shim
                0x10003d54      0x15c CMakeFiles/PicoPlayer.dir/C_/Users/tim.KOHLSTEDT0/Documents/Pico/pico-sdk/src/rp2_common/pico_double/double_v1_rom_shim.S.obj
                0x10003d54                dadd_shim
 .text.dmul_shim
                0x10003eb0      0x15c CMakeFiles/PicoPlayer.dir/C_/Users/tim.KOHLSTEDT0/Documents/Pico/pico-sdk/src/rp2_common/pico_double/double_v1_rom_shim.S.obj
                0x10003eb0                dmul_shim
 .text.ddiv_shim
                0x1000400c      0x1b0 CMakeFiles/PicoPlayer.dir/C_/Users/tim.KOHLSTEDT0/Documents/Pico/pico-sdk/src/rp2_common/pico_double/double_v1_rom_shim.S.obj
                0x1000400c                ddiv_shim
 .text.double2uint_shim
                0x100041bc        0xe CMakeFiles/PicoPlayer.dir/C_/Users/tim.KOHLSTEDT0/Documents/Pico/pico-sdk/src/rp2_common/pico_double/double_v1_rom_shim.S.obj
                0x100041bc                double2uint_shim
                0x100041be                double2ufix_shim
 *fill*         0x100041ca        0x2 
 .text.double2uint64_shim
                0x100041cc       0x70 CMakeFiles/PicoPlayer.dir/C_/Users/tim.KOHLSTEDT0/Documents/Pico/pico-sdk/src/rp2_common/pico_double/double_v1_rom_shim.S.obj
                0x100041cc                double2uint64_shim
                0x100041ce                double2ufix64_shim
                0x100041ee                d2fix_a
 .text.dunpacks
                0x1000423c       0x3c CMakeFiles/PicoPlayer.dir/C_/Users/tim.KOHLSTEDT0/Documents/Pico/pico-sdk/src/rp2_common/pico_double/double_v1_rom_shim.S.obj
                0x1000423c                dunpacks
 .text.__aeabi_lmul
                0x10004278       0x32 CMakeFiles/PicoPlayer.dir/C_/Users/tim.KOHLSTEDT0/Documents/Pico/pico-sdk/src/rp2_common/pico_int64_ops/pico_int64_ops_aeabi.S.obj
                0x10004278                __wrap___aeabi_lmul
 *fill*         0x100042aa        0x2 
 .text.__aeabi_float_init
                0x100042ac       0xfc CMakeFiles/PicoPlayer.dir/C_/Users/tim.KOHLSTEDT0/Documents/Pico/pico-sdk/src/rp2_common/pico_float/float_init_rom.c.obj
                0x100042ac                __aeabi_float_init
 .text.float_table_shim_on_use_helper
                0x100043a8       0x34 CMakeFiles/PicoPlayer.dir/C_/Users/tim.KOHLSTEDT0/Documents/Pico/pico-sdk/src/rp2_common/pico_float/float_v1_rom_shim.S.obj
                0x100043a8                float_table_shim_on_use_helper
 .text          0x100043dc       0x10 CMakeFiles/PicoPlayer.dir/C_/Users/tim.KOHLSTEDT0/Documents/Pico/pico-sdk/src/rp2_common/pico_mem_ops/mem_ops_aeabi.S.obj
                0x100043dc                __aeabi_mem_init
 .text.memset   0x100043ec        0xc CMakeFiles/PicoPlayer.dir/C_/Users/tim.KOHLSTEDT0/Documents/Pico/pico-sdk/src/rp2_common/pico_mem_ops/mem_ops_aeabi.S.obj
                0x100043ec                __wrap_memset
 .text.memcpy   0x100043f8        0xc CMakeFiles/PicoPlayer.dir/C_/Users/tim.KOHLSTEDT0/Documents/Pico/pico-sdk/src/rp2_common/pico_mem_ops/mem_ops_aeabi.S.obj
                0x100043f8                __wrap_memcpy
                0x100043f8                __wrap___aeabi_memcpy
 .text.stdio_out_chars_no_crlf
                0x10004404        0xe CMakeFiles/PicoPlayer.dir/C_/Users/tim.KOHLSTEDT0/Documents/Pico/pico-sdk/src/rp2_common/pico_stdio/stdio.c.obj
 *fill*         0x10004412        0x2 
 .text.stdio_out_chars_crlf
                0x10004414       0x80 CMakeFiles/PicoPlayer.dir/C_/Users/tim.KOHLSTEDT0/Documents/Pico/pico-sdk/src/rp2_common/pico_stdio/stdio.c.obj
 .text.stdio_stack_buffer_flush
                0x10004494       0x44 CMakeFiles/PicoPlayer.dir/C_/Users/tim.KOHLSTEDT0/Documents/Pico/pico-sdk/src/rp2_common/pico_stdio/stdio.c.obj
 .text.stdio_buffered_printer
                0x100044d8       0x20 CMakeFiles/PicoPlayer.dir/C_/Users/tim.KOHLSTEDT0/Documents/Pico/pico-sdk/src/rp2_common/pico_stdio/stdio.c.obj
 .text.stdout_serialize_begin
                0x100044f8       0x5c CMakeFiles/PicoPlayer.dir/C_/Users/tim.KOHLSTEDT0/Documents/Pico/pico-sdk/src/rp2_common/pico_stdio/stdio.c.obj
                0x100044f8                stdout_serialize_begin
 .text.stdout_serialize_end
                0x10004554       0x10 CMakeFiles/PicoPlayer.dir/C_/Users/tim.KOHLSTEDT0/Documents/Pico/pico-sdk/src/rp2_common/pico_stdio/stdio.c.obj
                0x10004554                stdout_serialize_end
 .text.stdio_put_string
                0x10004564       0x98 CMakeFiles/PicoPlayer.dir/C_/Users/tim.KOHLSTEDT0/Documents/Pico/pico-sdk/src/rp2_common/pico_stdio/stdio.c.obj
 .text.stdio_set_driver_enabled
                0x100045fc       0x2c CMakeFiles/PicoPlayer.dir/C_/Users/tim.KOHLSTEDT0/Documents/Pico/pico-sdk/src/rp2_common/pico_stdio/stdio.c.obj
                0x100045fc                stdio_set_driver_enabled
 .text.stdio_flush
                0x10004628       0x20 CMakeFiles/PicoPlayer.dir/C_/Users/tim.KOHLSTEDT0/Documents/Pico/pico-sdk/src/rp2_common/pico_stdio/stdio.c.obj
                0x10004628                stdio_flush
 .text.__wrap_puts
                0x10004648       0x1e CMakeFiles/PicoPlayer.dir/C_/Users/tim.KOHLSTEDT0/Documents/Pico/pico-sdk/src/rp2_common/pico_stdio/stdio.c.obj
                0x10004648                __wrap_puts
 *fill*         0x10004666        0x2 
 .text.__wrap_vprintf
                0x10004668       0x40 CMakeFiles/PicoPlayer.dir/C_/Users/tim.KOHLSTEDT0/Documents/Pico/pico-sdk/src/rp2_common/pico_stdio/stdio.c.obj
                0x10004668                __wrap_vprintf
 .text.__wrap_printf
                0x100046a8       0x18 CMakeFiles/PicoPlayer.dir/C_/Users/tim.KOHLSTEDT0/Documents/Pico/pico-sdk/src/rp2_common/pico_stdio/stdio.c.obj
                0x100046a8                __wrap_printf
 .text.stdio_init_all
                0x100046c0        0xe CMakeFiles/PicoPlayer.dir/C_/Users/tim.KOHLSTEDT0/Documents/Pico/pico-sdk/src/rp2_common/pico_stdio/stdio.c.obj
                0x100046c0                stdio_init_all
 *fill*         0x100046ce        0x2 
 .text.stdio_uart_out_chars
                0x100046d0       0x74 CMakeFiles/PicoPlayer.dir/C_/Users/tim.KOHLSTEDT0/Documents/Pico/pico-sdk/src/rp2_common/pico_stdio_uart/stdio_uart.c.obj
 .text.stdio_uart_in_chars
                0x10004744       0x80 CMakeFiles/PicoPlayer.dir/C_/Users/tim.KOHLSTEDT0/Documents/Pico/pico-sdk/src/rp2_common/pico_stdio_uart/stdio_uart.c.obj
                0x10004744                stdio_uart_in_chars
 .text.on_uart_rx
                0x100047c4       0x28 CMakeFiles/PicoPlayer.dir/C_/Users/tim.KOHLSTEDT0/Documents/Pico/pico-sdk/src/rp2_common/pico_stdio_uart/stdio_uart.c.obj
 .text.stdio_uart_set_chars_available_callback
                0x100047ec       0x8c CMakeFiles/PicoPlayer.dir/C_/Users/tim.KOHLSTEDT0/Documents/Pico/pico-sdk/src/rp2_common/pico_stdio_uart/stdio_uart.c.obj
 .text.stdio_uart_init_full
                0x10004878       0x44 CMakeFiles/PicoPlayer.dir/C_/Users/tim.KOHLSTEDT0/Documents/Pico/pico-sdk/src/rp2_common/pico_stdio_uart/stdio_uart.c.obj
                0x10004878                stdio_uart_init_full
 .text.stdio_uart_init
                0x100048bc       0x28 CMakeFiles/PicoPlayer.dir/C_/Users/tim.KOHLSTEDT0/Documents/Pico/pico-sdk/src/rp2_common/pico_stdio_uart/stdio_uart.c.obj
                0x100048bc                stdio_uart_init
 .text.resetd_init
                0x100048e4        0x2 CMakeFiles/PicoPlayer.dir/C_/Users/tim.KOHLSTEDT0/Documents/Pico/pico-sdk/src/rp2_common/pico_stdio_usb/reset_interface.c.obj
 *fill*         0x100048e6        0x2 
 .text.resetd_reset
                0x100048e8        0xc CMakeFiles/PicoPlayer.dir/C_/Users/tim.KOHLSTEDT0/Documents/Pico/pico-sdk/src/rp2_common/pico_stdio_usb/reset_interface.c.obj
 .text.resetd_open
                0x100048f4       0x34 CMakeFiles/PicoPlayer.dir/C_/Users/tim.KOHLSTEDT0/Documents/Pico/pico-sdk/src/rp2_common/pico_stdio_usb/reset_interface.c.obj
 .text.resetd_xfer_cb
                0x10004928        0x4 CMakeFiles/PicoPlayer.dir/C_/Users/tim.KOHLSTEDT0/Documents/Pico/pico-sdk/src/rp2_common/pico_stdio_usb/reset_interface.c.obj
 .text.reset_usb_boot
                0x1000492c       0x18 CMakeFiles/PicoPlayer.dir/C_/Users/tim.KOHLSTEDT0/Documents/Pico/pico-sdk/src/rp2_common/pico_stdio_usb/reset_interface.c.obj
 .text.resetd_control_xfer_cb
                0x10004944       0x5c CMakeFiles/PicoPlayer.dir/C_/Users/tim.KOHLSTEDT0/Documents/Pico/pico-sdk/src/rp2_common/pico_stdio_usb/reset_interface.c.obj
 .text.usbd_app_driver_get_cb
                0x100049a0        0xc CMakeFiles/PicoPlayer.dir/C_/Users/tim.KOHLSTEDT0/Documents/Pico/pico-sdk/src/rp2_common/pico_stdio_usb/reset_interface.c.obj
                0x100049a0                usbd_app_driver_get_cb
 .text.tud_cdc_line_coding_cb
                0x100049ac       0x28 CMakeFiles/PicoPlayer.dir/C_/Users/tim.KOHLSTEDT0/Documents/Pico/pico-sdk/src/rp2_common/pico_stdio_usb/reset_interface.c.obj
                0x100049ac                tud_cdc_line_coding_cb
 .text.stdio_usb_set_chars_available_callback
                0x100049d4       0x14 CMakeFiles/PicoPlayer.dir/C_/Users/tim.KOHLSTEDT0/Documents/Pico/pico-sdk/src/rp2_common/pico_stdio_usb/stdio_usb.c.obj
                0x100049d4                stdio_usb_set_chars_available_callback
 .text.usb_irq  0x100049e8       0x10 CMakeFiles/PicoPlayer.dir/C_/Users/tim.KOHLSTEDT0/Documents/Pico/pico-sdk/src/rp2_common/pico_stdio_usb/stdio_usb.c.obj
 .text.timer_task
                0x100049f8       0x58 CMakeFiles/PicoPlayer.dir/C_/Users/tim.KOHLSTEDT0/Documents/Pico/pico-sdk/src/rp2_common/pico_stdio_usb/stdio_usb.c.obj
 .text.low_priority_worker_irq
                0x10004a50       0xd8 CMakeFiles/PicoPlayer.dir/C_/Users/tim.KOHLSTEDT0/Documents/Pico/pico-sdk/src/rp2_common/pico_stdio_usb/stdio_usb.c.obj
 .text.tud_cdc_rx_cb
                0x10004b28       0x20 CMakeFiles/PicoPlayer.dir/C_/Users/tim.KOHLSTEDT0/Documents/Pico/pico-sdk/src/rp2_common/pico_stdio_usb/stdio_usb.c.obj
                0x10004b28                tud_cdc_rx_cb
 .text.stdio_usb_init
                0x10004b48      0x12c CMakeFiles/PicoPlayer.dir/C_/Users/tim.KOHLSTEDT0/Documents/Pico/pico-sdk/src/rp2_common/pico_stdio_usb/stdio_usb.c.obj
                0x10004b48                stdio_usb_init
 .text.stdio_usb_connected
                0x10004c74        0xa CMakeFiles/PicoPlayer.dir/C_/Users/tim.KOHLSTEDT0/Documents/Pico/pico-sdk/src/rp2_common/pico_stdio_usb/stdio_usb.c.obj
                0x10004c74                stdio_usb_connected
 *fill*         0x10004c7e        0x2 
 .text.stdio_usb_in_chars
                0x10004c80       0xc4 CMakeFiles/PicoPlayer.dir/C_/Users/tim.KOHLSTEDT0/Documents/Pico/pico-sdk/src/rp2_common/pico_stdio_usb/stdio_usb.c.obj
                0x10004c80                stdio_usb_in_chars
 .text.stdio_usb_out_chars
                0x10004d44      0x114 CMakeFiles/PicoPlayer.dir/C_/Users/tim.KOHLSTEDT0/Documents/Pico/pico-sdk/src/rp2_common/pico_stdio_usb/stdio_usb.c.obj
 .text.tud_descriptor_device_cb
                0x10004e58        0x8 CMakeFiles/PicoPlayer.dir/C_/Users/tim.KOHLSTEDT0/Documents/Pico/pico-sdk/src/rp2_common/pico_stdio_usb/stdio_usb_descriptors.c.obj
                0x10004e58                tud_descriptor_device_cb
 .text.tud_descriptor_configuration_cb
                0x10004e60        0x8 CMakeFiles/PicoPlayer.dir/C_/Users/tim.KOHLSTEDT0/Documents/Pico/pico-sdk/src/rp2_common/pico_stdio_usb/stdio_usb_descriptors.c.obj
                0x10004e60                tud_descriptor_configuration_cb
 .text.tud_descriptor_string_cb
                0x10004e68       0x6c CMakeFiles/PicoPlayer.dir/C_/Users/tim.KOHLSTEDT0/Documents/Pico/pico-sdk/src/rp2_common/pico_stdio_usb/stdio_usb_descriptors.c.obj
                0x10004e68                tud_descriptor_string_cb
 .text._retrieve_unique_id_on_boot
                0x10004ed4       0x10 CMakeFiles/PicoPlayer.dir/C_/Users/tim.KOHLSTEDT0/Documents/Pico/pico-sdk/src/rp2_common/pico_unique_id/unique_id.c.obj
 .text.pico_get_unique_board_id_string
                0x10004ee4       0x5c CMakeFiles/PicoPlayer.dir/C_/Users/tim.KOHLSTEDT0/Documents/Pico/pico-sdk/src/rp2_common/pico_unique_id/unique_id.c.obj
                0x10004ee4                pico_get_unique_board_id_string
 .text.flash_get_unique_id
                0x10004f40       0x46 CMakeFiles/PicoPlayer.dir/C_/Users/tim.KOHLSTEDT0/Documents/Pico/pico-sdk/src/rp2_common/hardware_flash/flash.c.obj
                0x10004f40                flash_get_unique_id
 *fill*         0x10004f86        0x2 
 .text.hw_endpoint_get_by_addr
                0x10004f88       0x18 CMakeFiles/PicoPlayer.dir/C_/Users/tim.KOHLSTEDT0/Documents/Pico/pico-sdk/lib/tinyusb/src/portable/raspberrypi/rp2040/dcd_rp2040.c.obj
 .text._hw_endpoint_alloc
                0x10004fa0       0x70 CMakeFiles/PicoPlayer.dir/C_/Users/tim.KOHLSTEDT0/Documents/Pico/pico-sdk/lib/tinyusb/src/portable/raspberrypi/rp2040/dcd_rp2040.c.obj
 .text.hw_endpoint_init
                0x10005010       0x88 CMakeFiles/PicoPlayer.dir/C_/Users/tim.KOHLSTEDT0/Documents/Pico/pico-sdk/lib/tinyusb/src/portable/raspberrypi/rp2040/dcd_rp2040.c.obj
 .text.hw_endpoint_xfer
                0x10005098       0x14 CMakeFiles/PicoPlayer.dir/C_/Users/tim.KOHLSTEDT0/Documents/Pico/pico-sdk/lib/tinyusb/src/portable/raspberrypi/rp2040/dcd_rp2040.c.obj
 .text.dcd_int_enable
                0x100050ac       0x2c CMakeFiles/PicoPlayer.dir/C_/Users/tim.KOHLSTEDT0/Documents/Pico/pico-sdk/lib/tinyusb/src/portable/raspberrypi/rp2040/dcd_rp2040.c.obj
                0x100050ac                dcd_int_enable
 .text.dcd_set_address
                0x100050d8       0x2c CMakeFiles/PicoPlayer.dir/C_/Users/tim.KOHLSTEDT0/Documents/Pico/pico-sdk/lib/tinyusb/src/portable/raspberrypi/rp2040/dcd_rp2040.c.obj
                0x100050d8                dcd_set_address
 .text.dcd_connect
                0x10005104       0x10 CMakeFiles/PicoPlayer.dir/C_/Users/tim.KOHLSTEDT0/Documents/Pico/pico-sdk/lib/tinyusb/src/portable/raspberrypi/rp2040/dcd_rp2040.c.obj
                0x10005104                dcd_connect
 .text.dcd_init
                0x10005114       0x80 CMakeFiles/PicoPlayer.dir/C_/Users/tim.KOHLSTEDT0/Documents/Pico/pico-sdk/lib/tinyusb/src/portable/raspberrypi/rp2040/dcd_rp2040.c.obj
                0x10005114                dcd_init
 .text.dcd_edpt0_status_complete
                0x10005194       0x1c CMakeFiles/PicoPlayer.dir/C_/Users/tim.KOHLSTEDT0/Documents/Pico/pico-sdk/lib/tinyusb/src/portable/raspberrypi/rp2040/dcd_rp2040.c.obj
                0x10005194                dcd_edpt0_status_complete
 .text.dcd_edpt_open
                0x100051b0       0x40 CMakeFiles/PicoPlayer.dir/C_/Users/tim.KOHLSTEDT0/Documents/Pico/pico-sdk/lib/tinyusb/src/portable/raspberrypi/rp2040/dcd_rp2040.c.obj
                0x100051b0                dcd_edpt_open
 .text.dcd_edpt_close_all
                0x100051f0        0x8 CMakeFiles/PicoPlayer.dir/C_/Users/tim.KOHLSTEDT0/Documents/Pico/pico-sdk/lib/tinyusb/src/portable/raspberrypi/rp2040/dcd_rp2040.c.obj
                0x100051f0                dcd_edpt_close_all
 .text.dcd_edpt_xfer
                0x100051f8       0x34 CMakeFiles/PicoPlayer.dir/C_/Users/tim.KOHLSTEDT0/Documents/Pico/pico-sdk/lib/tinyusb/src/portable/raspberrypi/rp2040/dcd_rp2040.c.obj
                0x100051f8                dcd_edpt_xfer
 .text.dcd_edpt_stall
                0x1000522c       0x2c CMakeFiles/PicoPlayer.dir/C_/Users/tim.KOHLSTEDT0/Documents/Pico/pico-sdk/lib/tinyusb/src/portable/raspberrypi/rp2040/dcd_rp2040.c.obj
                0x1000522c                dcd_edpt_stall
 .text.dcd_edpt_clear_stall
                0x10005258       0x20 CMakeFiles/PicoPlayer.dir/C_/Users/tim.KOHLSTEDT0/Documents/Pico/pico-sdk/lib/tinyusb/src/portable/raspberrypi/rp2040/dcd_rp2040.c.obj
                0x10005258                dcd_edpt_clear_stall
 .text.rp2040_usb_init
                0x10005278       0x4c CMakeFiles/PicoPlayer.dir/C_/Users/tim.KOHLSTEDT0/Documents/Pico/pico-sdk/lib/tinyusb/src/portable/raspberrypi/rp2040/rp2040_usb.c.obj
                0x10005278                rp2040_usb_init
 .text.hw_endpoint_xfer_start
                0x100052c4       0x50 CMakeFiles/PicoPlayer.dir/C_/Users/tim.KOHLSTEDT0/Documents/Pico/pico-sdk/lib/tinyusb/src/portable/raspberrypi/rp2040/rp2040_usb.c.obj
                0x100052c4                hw_endpoint_xfer_start
 .text.configuration_reset
                0x10005314       0x84 CMakeFiles/PicoPlayer.dir/C_/Users/tim.KOHLSTEDT0/Documents/Pico/pico-sdk/lib/tinyusb/src/device/usbd.c.obj
 .text.usbd_reset
                0x10005398        0xc CMakeFiles/PicoPlayer.dir/C_/Users/tim.KOHLSTEDT0/Documents/Pico/pico-sdk/lib/tinyusb/src/device/usbd.c.obj
 .text.invoke_class_control
                0x100053a4       0x1a CMakeFiles/PicoPlayer.dir/C_/Users/tim.KOHLSTEDT0/Documents/Pico/pico-sdk/lib/tinyusb/src/device/usbd.c.obj
 *fill*         0x100053be        0x2 
 .text.process_set_config
                0x100053c0      0x178 CMakeFiles/PicoPlayer.dir/C_/Users/tim.KOHLSTEDT0/Documents/Pico/pico-sdk/lib/tinyusb/src/device/usbd.c.obj
 .text.process_get_descriptor
                0x10005538       0xdc CMakeFiles/PicoPlayer.dir/C_/Users/tim.KOHLSTEDT0/Documents/Pico/pico-sdk/lib/tinyusb/src/device/usbd.c.obj
 .text.tud_mounted
                0x10005614       0x10 CMakeFiles/PicoPlayer.dir/C_/Users/tim.KOHLSTEDT0/Documents/Pico/pico-sdk/lib/tinyusb/src/device/usbd.c.obj
                0x10005614                tud_mounted
 .text.tud_suspended
                0x10005624       0x10 CMakeFiles/PicoPlayer.dir/C_/Users/tim.KOHLSTEDT0/Documents/Pico/pico-sdk/lib/tinyusb/src/device/usbd.c.obj
                0x10005624                tud_suspended
 .text.tud_inited
                0x10005634       0x14 CMakeFiles/PicoPlayer.dir/C_/Users/tim.KOHLSTEDT0/Documents/Pico/pico-sdk/lib/tinyusb/src/device/usbd.c.obj
                0x10005634                tud_inited
 .text.tud_init
                0x10005648       0xcc CMakeFiles/PicoPlayer.dir/C_/Users/tim.KOHLSTEDT0/Documents/Pico/pico-sdk/lib/tinyusb/src/device/usbd.c.obj
                0x10005648                tud_init
 .text.usbd_defer_func
                0x10005714       0x2a CMakeFiles/PicoPlayer.dir/C_/Users/tim.KOHLSTEDT0/Documents/Pico/pico-sdk/lib/tinyusb/src/device/usbd.c.obj
                0x10005714                usbd_defer_func
 *fill*         0x1000573e        0x2 
 .text.usbd_edpt_open
                0x10005740       0x34 CMakeFiles/PicoPlayer.dir/C_/Users/tim.KOHLSTEDT0/Documents/Pico/pico-sdk/lib/tinyusb/src/device/usbd.c.obj
                0x10005740                usbd_edpt_open
 .text.usbd_open_edpt_pair
                0x10005774       0x62 CMakeFiles/PicoPlayer.dir/C_/Users/tim.KOHLSTEDT0/Documents/Pico/pico-sdk/lib/tinyusb/src/device/usbd.c.obj
                0x10005774                usbd_open_edpt_pair
 *fill*         0x100057d6        0x2 
 .text.usbd_edpt_claim
                0x100057d8       0x28 CMakeFiles/PicoPlayer.dir/C_/Users/tim.KOHLSTEDT0/Documents/Pico/pico-sdk/lib/tinyusb/src/device/usbd.c.obj
                0x100057d8                usbd_edpt_claim
 .text.usbd_edpt_release
                0x10005800       0x28 CMakeFiles/PicoPlayer.dir/C_/Users/tim.KOHLSTEDT0/Documents/Pico/pico-sdk/lib/tinyusb/src/device/usbd.c.obj
                0x10005800                usbd_edpt_release
 .text.usbd_edpt_xfer
                0x10005828       0x7c CMakeFiles/PicoPlayer.dir/C_/Users/tim.KOHLSTEDT0/Documents/Pico/pico-sdk/lib/tinyusb/src/device/usbd.c.obj
                0x10005828                usbd_edpt_xfer
 .text.usbd_edpt_stall
                0x100058a4       0x48 CMakeFiles/PicoPlayer.dir/C_/Users/tim.KOHLSTEDT0/Documents/Pico/pico-sdk/lib/tinyusb/src/device/usbd.c.obj
                0x100058a4                usbd_edpt_stall
 .text.usbd_edpt_clear_stall
                0x100058ec       0x48 CMakeFiles/PicoPlayer.dir/C_/Users/tim.KOHLSTEDT0/Documents/Pico/pico-sdk/lib/tinyusb/src/device/usbd.c.obj
                0x100058ec                usbd_edpt_clear_stall
 .text.usbd_edpt_stalled
                0x10005934       0x1c CMakeFiles/PicoPlayer.dir/C_/Users/tim.KOHLSTEDT0/Documents/Pico/pico-sdk/lib/tinyusb/src/device/usbd.c.obj
                0x10005934                usbd_edpt_stalled
 .text.process_control_request
                0x10005950      0x37c CMakeFiles/PicoPlayer.dir/C_/Users/tim.KOHLSTEDT0/Documents/Pico/pico-sdk/lib/tinyusb/src/device/usbd.c.obj
 .text.tud_task_ext
                0x10005ccc      0x1b4 CMakeFiles/PicoPlayer.dir/C_/Users/tim.KOHLSTEDT0/Documents/Pico/pico-sdk/lib/tinyusb/src/device/usbd.c.obj
                0x10005ccc                tud_task_ext
 .text._data_stage_xact
                0x10005e80       0x58 CMakeFiles/PicoPlayer.dir/C_/Users/tim.KOHLSTEDT0/Documents/Pico/pico-sdk/lib/tinyusb/src/device/usbd_control.c.obj
 .text.tud_control_status
                0x10005ed8       0x38 CMakeFiles/PicoPlayer.dir/C_/Users/tim.KOHLSTEDT0/Documents/Pico/pico-sdk/lib/tinyusb/src/device/usbd_control.c.obj
                0x10005ed8                tud_control_status
 .text.tud_control_xfer
                0x10005f10       0x78 CMakeFiles/PicoPlayer.dir/C_/Users/tim.KOHLSTEDT0/Documents/Pico/pico-sdk/lib/tinyusb/src/device/usbd_control.c.obj
                0x10005f10                tud_control_xfer
 .text.usbd_control_reset
                0x10005f88       0x14 CMakeFiles/PicoPlayer.dir/C_/Users/tim.KOHLSTEDT0/Documents/Pico/pico-sdk/lib/tinyusb/src/device/usbd_control.c.obj
                0x10005f88                usbd_control_reset
 .text.usbd_control_set_complete_callback
                0x10005f9c        0xc CMakeFiles/PicoPlayer.dir/C_/Users/tim.KOHLSTEDT0/Documents/Pico/pico-sdk/lib/tinyusb/src/device/usbd_control.c.obj
                0x10005f9c                usbd_control_set_complete_callback
 .text.usbd_control_set_request
                0x10005fa8       0x1c CMakeFiles/PicoPlayer.dir/C_/Users/tim.KOHLSTEDT0/Documents/Pico/pico-sdk/lib/tinyusb/src/device/usbd_control.c.obj
                0x10005fa8                usbd_control_set_request
 .text.usbd_control_xfer_cb
                0x10005fc4       0xcc CMakeFiles/PicoPlayer.dir/C_/Users/tim.KOHLSTEDT0/Documents/Pico/pico-sdk/lib/tinyusb/src/device/usbd_control.c.obj
                0x10005fc4                usbd_control_xfer_cb
 .text._prep_out_transaction
                0x10006090       0x4a CMakeFiles/PicoPlayer.dir/C_/Users/tim.KOHLSTEDT0/Documents/Pico/pico-sdk/lib/tinyusb/src/class/cdc/cdc_device.c.obj
 *fill*         0x100060da        0x2 
 .text.tud_cdc_n_connected
                0x100060dc       0x44 CMakeFiles/PicoPlayer.dir/C_/Users/tim.KOHLSTEDT0/Documents/Pico/pico-sdk/lib/tinyusb/src/class/cdc/cdc_device.c.obj
                0x100060dc                tud_cdc_n_connected
 .text.tud_cdc_n_available
                0x10006120       0x18 CMakeFiles/PicoPlayer.dir/C_/Users/tim.KOHLSTEDT0/Documents/Pico/pico-sdk/lib/tinyusb/src/class/cdc/cdc_device.c.obj
                0x10006120                tud_cdc_n_available
 .text.tud_cdc_n_read
                0x10006138       0x28 CMakeFiles/PicoPlayer.dir/C_/Users/tim.KOHLSTEDT0/Documents/Pico/pico-sdk/lib/tinyusb/src/class/cdc/cdc_device.c.obj
                0x10006138                tud_cdc_n_read
 .text.tud_cdc_n_write_flush
                0x10006160       0xb8 CMakeFiles/PicoPlayer.dir/C_/Users/tim.KOHLSTEDT0/Documents/Pico/pico-sdk/lib/tinyusb/src/class/cdc/cdc_device.c.obj
                0x10006160                tud_cdc_n_write_flush
 .text.tud_cdc_n_write
                0x10006218       0x38 CMakeFiles/PicoPlayer.dir/C_/Users/tim.KOHLSTEDT0/Documents/Pico/pico-sdk/lib/tinyusb/src/class/cdc/cdc_device.c.obj
                0x10006218                tud_cdc_n_write
 .text.tud_cdc_n_write_available
                0x10006250       0x1c CMakeFiles/PicoPlayer.dir/C_/Users/tim.KOHLSTEDT0/Documents/Pico/pico-sdk/lib/tinyusb/src/class/cdc/cdc_device.c.obj
                0x10006250                tud_cdc_n_write_available
 .text.cdcd_init
                0x1000626c       0xbc CMakeFiles/PicoPlayer.dir/C_/Users/tim.KOHLSTEDT0/Documents/Pico/pico-sdk/lib/tinyusb/src/class/cdc/cdc_device.c.obj
                0x1000626c                cdcd_init
 .text.cdcd_reset
                0x10006328       0x44 CMakeFiles/PicoPlayer.dir/C_/Users/tim.KOHLSTEDT0/Documents/Pico/pico-sdk/lib/tinyusb/src/class/cdc/cdc_device.c.obj
                0x10006328                cdcd_reset
 .text.cdcd_open
                0x1000636c       0xcc CMakeFiles/PicoPlayer.dir/C_/Users/tim.KOHLSTEDT0/Documents/Pico/pico-sdk/lib/tinyusb/src/class/cdc/cdc_device.c.obj
                0x1000636c                cdcd_open
 .text.cdcd_control_xfer_cb
                0x10006438      0x134 CMakeFiles/PicoPlayer.dir/C_/Users/tim.KOHLSTEDT0/Documents/Pico/pico-sdk/lib/tinyusb/src/class/cdc/cdc_device.c.obj
                0x10006438                cdcd_control_xfer_cb
 .text.cdcd_xfer_cb
                0x1000656c      0x130 CMakeFiles/PicoPlayer.dir/C_/Users/tim.KOHLSTEDT0/Documents/Pico/pico-sdk/lib/tinyusb/src/class/cdc/cdc_device.c.obj
                0x1000656c                cdcd_xfer_cb
 .text.tusb_init
                0x1000669c        0xa CMakeFiles/PicoPlayer.dir/C_/Users/tim.KOHLSTEDT0/Documents/Pico/pico-sdk/lib/tinyusb/src/tusb.c.obj
                0x1000669c                tusb_init
 .text.tusb_inited
                0x100066a6        0xe CMakeFiles/PicoPlayer.dir/C_/Users/tim.KOHLSTEDT0/Documents/Pico/pico-sdk/lib/tinyusb/src/tusb.c.obj
                0x100066a6                tusb_inited
 .text.tu_edpt_claim
                0x100066b4       0x50 CMakeFiles/PicoPlayer.dir/C_/Users/tim.KOHLSTEDT0/Documents/Pico/pico-sdk/lib/tinyusb/src/tusb.c.obj
                0x100066b4                tu_edpt_claim
 .text.tu_edpt_release
                0x10006704       0x3c CMakeFiles/PicoPlayer.dir/C_/Users/tim.KOHLSTEDT0/Documents/Pico/pico-sdk/lib/tinyusb/src/tusb.c.obj
                0x10006704                tu_edpt_release
 .text.tu_edpt_validate
                0x10006740       0x78 CMakeFiles/PicoPlayer.dir/C_/Users/tim.KOHLSTEDT0/Documents/Pico/pico-sdk/lib/tinyusb/src/tusb.c.obj
                0x10006740                tu_edpt_validate
 .text.tu_edpt_bind_driver
                0x100067b8       0x26 CMakeFiles/PicoPlayer.dir/C_/Users/tim.KOHLSTEDT0/Documents/Pico/pico-sdk/lib/tinyusb/src/tusb.c.obj
                0x100067b8                tu_edpt_bind_driver
 .text.advance_index
                0x100067de       0x1a CMakeFiles/PicoPlayer.dir/C_/Users/tim.KOHLSTEDT0/Documents/Pico/pico-sdk/lib/tinyusb/src/common/tusb_fifo.c.obj
 .text._tu_fifo_peek
                0x100067f8       0x56 CMakeFiles/PicoPlayer.dir/C_/Users/tim.KOHLSTEDT0/Documents/Pico/pico-sdk/lib/tinyusb/src/common/tusb_fifo.c.obj
 .text._ff_pull_const_addr
                0x1000684e       0x4c CMakeFiles/PicoPlayer.dir/C_/Users/tim.KOHLSTEDT0/Documents/Pico/pico-sdk/lib/tinyusb/src/common/tusb_fifo.c.obj
 .text._ff_pull_n
                0x1000689a      0x110 CMakeFiles/PicoPlayer.dir/C_/Users/tim.KOHLSTEDT0/Documents/Pico/pico-sdk/lib/tinyusb/src/common/tusb_fifo.c.obj
 .text._tu_fifo_peek_n
                0x100069aa       0x6a CMakeFiles/PicoPlayer.dir/C_/Users/tim.KOHLSTEDT0/Documents/Pico/pico-sdk/lib/tinyusb/src/common/tusb_fifo.c.obj
 .text._tu_fifo_read_n
                0x10006a14       0x4e CMakeFiles/PicoPlayer.dir/C_/Users/tim.KOHLSTEDT0/Documents/Pico/pico-sdk/lib/tinyusb/src/common/tusb_fifo.c.obj
 .text._ff_push_const_addr
                0x10006a62       0x40 CMakeFiles/PicoPlayer.dir/C_/Users/tim.KOHLSTEDT0/Documents/Pico/pico-sdk/lib/tinyusb/src/common/tusb_fifo.c.obj
 .text._ff_push_n
                0x10006aa2      0x10c CMakeFiles/PicoPlayer.dir/C_/Users/tim.KOHLSTEDT0/Documents/Pico/pico-sdk/lib/tinyusb/src/common/tusb_fifo.c.obj
 .text._tu_fifo_write_n
                0x10006bae       0xf0 CMakeFiles/PicoPlayer.dir/C_/Users/tim.KOHLSTEDT0/Documents/Pico/pico-sdk/lib/tinyusb/src/common/tusb_fifo.c.obj
 .text.tu_fifo_config
                0x10006c9e       0x7c CMakeFiles/PicoPlayer.dir/C_/Users/tim.KOHLSTEDT0/Documents/Pico/pico-sdk/lib/tinyusb/src/common/tusb_fifo.c.obj
                0x10006c9e                tu_fifo_config
 .text.tu_fifo_count
                0x10006d1a       0x2a CMakeFiles/PicoPlayer.dir/C_/Users/tim.KOHLSTEDT0/Documents/Pico/pico-sdk/lib/tinyusb/src/common/tusb_fifo.c.obj
                0x10006d1a                tu_fifo_count
 .text.tu_fifo_empty
                0x10006d44        0xe CMakeFiles/PicoPlayer.dir/C_/Users/tim.KOHLSTEDT0/Documents/Pico/pico-sdk/lib/tinyusb/src/common/tusb_fifo.c.obj
                0x10006d44                tu_fifo_empty
 .text.tu_fifo_full
                0x10006d52       0x28 CMakeFiles/PicoPlayer.dir/C_/Users/tim.KOHLSTEDT0/Documents/Pico/pico-sdk/lib/tinyusb/src/common/tusb_fifo.c.obj
                0x10006d52                tu_fifo_full
 .text.tu_fifo_remaining
                0x10006d7a       0x2c CMakeFiles/PicoPlayer.dir/C_/Users/tim.KOHLSTEDT0/Documents/Pico/pico-sdk/lib/tinyusb/src/common/tusb_fifo.c.obj
                0x10006d7a                tu_fifo_remaining
 .text.tu_fifo_read
                0x10006da6       0x42 CMakeFiles/PicoPlayer.dir/C_/Users/tim.KOHLSTEDT0/Documents/Pico/pico-sdk/lib/tinyusb/src/common/tusb_fifo.c.obj
                0x10006da6                tu_fifo_read
 .text.tu_fifo_read_n
                0x10006de8        0xa CMakeFiles/PicoPlayer.dir/C_/Users/tim.KOHLSTEDT0/Documents/Pico/pico-sdk/lib/tinyusb/src/common/tusb_fifo.c.obj
                0x10006de8                tu_fifo_read_n
 .text.tu_fifo_write
                0x10006df2       0x64 CMakeFiles/PicoPlayer.dir/C_/Users/tim.KOHLSTEDT0/Documents/Pico/pico-sdk/lib/tinyusb/src/common/tusb_fifo.c.obj
                0x10006df2                tu_fifo_write
 .text.tu_fifo_write_n
                0x10006e56        0xa CMakeFiles/PicoPlayer.dir/C_/Users/tim.KOHLSTEDT0/Documents/Pico/pico-sdk/lib/tinyusb/src/common/tusb_fifo.c.obj
                0x10006e56                tu_fifo_write_n
 .text.tu_fifo_clear
                0x10006e60       0x3e CMakeFiles/PicoPlayer.dir/C_/Users/tim.KOHLSTEDT0/Documents/Pico/pico-sdk/lib/tinyusb/src/common/tusb_fifo.c.obj
                0x10006e60                tu_fifo_clear
 .text.tu_fifo_set_overwritable
                0x10006e9e       0x46 CMakeFiles/PicoPlayer.dir/C_/Users/tim.KOHLSTEDT0/Documents/Pico/pico-sdk/lib/tinyusb/src/common/tusb_fifo.c.obj
                0x10006e9e                tu_fifo_set_overwritable
 .text.spi_set_baudrate
                0x10006ee4       0x92 CMakeFiles/PicoPlayer.dir/C_/Users/tim.KOHLSTEDT0/Documents/Pico/pico-sdk/src/rp2_common/hardware_spi/spi.c.obj
                0x10006ee4                spi_set_baudrate
 *fill*         0x10006f76        0x2 
 .text.spi_init
                0x10006f78       0x68 CMakeFiles/PicoPlayer.dir/C_/Users/tim.KOHLSTEDT0/Documents/Pico/pico-sdk/src/rp2_common/hardware_spi/spi.c.obj
                0x10006f78                spi_init
 .text.i2c_set_baudrate
                0x10006fe0       0xf0 CMakeFiles/PicoPlayer.dir/C_/Users/tim.KOHLSTEDT0/Documents/Pico/pico-sdk/src/rp2_common/hardware_i2c/i2c.c.obj
                0x10006fe0                i2c_set_baudrate
 .text.i2c_init
                0x100070d0       0x58 CMakeFiles/PicoPlayer.dir/C_/Users/tim.KOHLSTEDT0/Documents/Pico/pico-sdk/src/rp2_common/hardware_i2c/i2c.c.obj
                0x100070d0                i2c_init
 .text.strlen   0x10007128       0x5c c:/progra~2/armgnu~1/1142da~1.3re/bin/../lib/gcc/arm-none-eabi/11.3.1/thumb/v6-m/nofp\libg.a(libc_a-strlen-stub.o)
                0x10007128                strlen
 *(.fini)
 .fini          0x10007184        0x4 c:/progra~2/armgnu~1/1142da~1.3re/bin/../lib/gcc/arm-none-eabi/11.3.1/thumb/v6-m/nofp/crti.o
                0x10007184                _fini
 .fini.__stub   0x10007188       0xe0 linker stubs
 *crtbegin.o(.ctors)
 *crtbegin?.o(.ctors)
 *(EXCLUDE_FILE(*crtend.o *crtend?.o) .ctors)
 *(SORT_BY_NAME(.ctors.*))
 *(.ctors)
 *crtbegin.o(.dtors)
 *crtbegin?.o(.dtors)
 *(EXCLUDE_FILE(*crtend.o *crtend?.o) .dtors)
 *(SORT_BY_NAME(.dtors.*))
 *(.dtors)
 *(.eh_frame*)
 .eh_frame      0x10007268        0x0 c:/progra~2/armgnu~1/1142da~1.3re/bin/../lib/gcc/arm-none-eabi/11.3.1/thumb/v6-m/nofp/crtbegin.o
                0x10007268                . = ALIGN (0x4)

.glue_7         0x10007268        0x0
 .glue_7        0x10007268        0x0 linker stubs

.glue_7t        0x10007268        0x0
 .glue_7t       0x10007268        0x0 linker stubs

.vfp11_veneer   0x10007268        0x0
 .vfp11_veneer  0x10007268        0x0 linker stubs

.v4_bx          0x10007268        0x0
 .v4_bx         0x10007268        0x0 linker stubs

.iplt           0x10007268        0x0
 .iplt          0x10007268        0x0 c:/progra~2/armgnu~1/1142da~1.3re/bin/../lib/gcc/arm-none-eabi/11.3.1/thumb/v6-m/nofp/crtbegin.o

.rodata         0x10007268     0x1730
 *(EXCLUDE_FILE(*libm.a: *libc.a:*lib_a-mem*.o *libgcc.a:) .rodata*)
 .rodata.main.str1.4
                0x10007268       0x86 CMakeFiles/PicoPlayer.dir/PicoPlayer.c.obj
 *fill*         0x100072ee        0x2 
 .rodata.__func__.0
                0x100072f0       0x15 CMakeFiles/PicoPlayer.dir/PicoPlayer.c.obj
 *fill*         0x10007305        0x3 
 .rodata.spin_lock_claim_unused.str1.4
                0x10007308       0x1b CMakeFiles/PicoPlayer.dir/C_/Users/tim.KOHLSTEDT0/Documents/Pico/pico-sdk/src/rp2_common/hardware_sync/sync.c.obj
 *fill*         0x10007323        0x1 
 .rodata.make_branch.str1.4
                0x10007324       0x82 CMakeFiles/PicoPlayer.dir/C_/Users/tim.KOHLSTEDT0/Documents/Pico/pico-sdk/src/rp2_common/hardware_irq/irq.c.obj
 *fill*         0x100073a6        0x2 
 .rodata.insert_branch_and_link.str1.4
                0x100073a8       0x10 CMakeFiles/PicoPlayer.dir/C_/Users/tim.KOHLSTEDT0/Documents/Pico/pico-sdk/src/rp2_common/hardware_irq/irq.c.obj
 .rodata.irq_set_exclusive_handler.str1.4
                0x100073b8       0x36 CMakeFiles/PicoPlayer.dir/C_/Users/tim.KOHLSTEDT0/Documents/Pico/pico-sdk/src/rp2_common/hardware_irq/irq.c.obj
 *fill*         0x100073ee        0x2 
 .rodata.irq_add_shared_handler.str1.4
                0x100073f0       0xd9 CMakeFiles/PicoPlayer.dir/C_/Users/tim.KOHLSTEDT0/Documents/Pico/pico-sdk/src/rp2_common/hardware_irq/irq.c.obj
 *fill*         0x100074c9        0x3 
 .rodata.irq_remove_handler.str1.4
                0x100074cc       0x3a CMakeFiles/PicoPlayer.dir/C_/Users/tim.KOHLSTEDT0/Documents/Pico/pico-sdk/src/rp2_common/hardware_irq/irq.c.obj
 *fill*         0x10007506        0x2 
 .rodata.irq_add_tail_to_free_list.str1.4
                0x10007508       0x3a CMakeFiles/PicoPlayer.dir/C_/Users/tim.KOHLSTEDT0/Documents/Pico/pico-sdk/src/rp2_common/hardware_irq/irq.c.obj
 *fill*         0x10007542        0x2 
 .rodata.user_irq_claim_unused.str1.4
                0x10007544       0x1b CMakeFiles/PicoPlayer.dir/C_/Users/tim.KOHLSTEDT0/Documents/Pico/pico-sdk/src/rp2_common/hardware_irq/irq.c.obj
 *fill*         0x1000755f        0x1 
 .rodata.__func__.0
                0x10007560       0x1a CMakeFiles/PicoPlayer.dir/C_/Users/tim.KOHLSTEDT0/Documents/Pico/pico-sdk/src/rp2_common/hardware_irq/irq.c.obj
 *fill*         0x1000757a        0x2 
 .rodata.__func__.1
                0x1000757c       0x17 CMakeFiles/PicoPlayer.dir/C_/Users/tim.KOHLSTEDT0/Documents/Pico/pico-sdk/src/rp2_common/hardware_irq/irq.c.obj
 *fill*         0x10007593        0x1 
 .rodata.__func__.2
                0x10007594       0x13 CMakeFiles/PicoPlayer.dir/C_/Users/tim.KOHLSTEDT0/Documents/Pico/pico-sdk/src/rp2_common/hardware_irq/irq.c.obj
 *fill*         0x100075a7        0x1 
 .rodata.__func__.3
                0x100075a8        0xc CMakeFiles/PicoPlayer.dir/C_/Users/tim.KOHLSTEDT0/Documents/Pico/pico-sdk/src/rp2_common/hardware_irq/irq.c.obj
 .rodata.__func__.4
                0x100075b4        0xf CMakeFiles/PicoPlayer.dir/C_/Users/tim.KOHLSTEDT0/Documents/Pico/pico-sdk/src/rp2_common/hardware_irq/irq.c.obj
 *fill*         0x100075c3        0x1 
 .rodata.__func__.5
                0x100075c4       0x17 CMakeFiles/PicoPlayer.dir/C_/Users/tim.KOHLSTEDT0/Documents/Pico/pico-sdk/src/rp2_common/hardware_irq/irq.c.obj
 *fill*         0x100075db        0x1 
 .rodata.__func__.6
                0x100075dc       0x1a CMakeFiles/PicoPlayer.dir/C_/Users/tim.KOHLSTEDT0/Documents/Pico/pico-sdk/src/rp2_common/hardware_irq/irq.c.obj
 *fill*         0x100075f6        0x2 
 .rodata.str1.4
                0x100075f8       0xa1 CMakeFiles/PicoPlayer.dir/C_/Users/tim.KOHLSTEDT0/Documents/Pico/pico-sdk/src/common/pico_sync/mutex.c.obj
                                0x119 (size before relaxing)
 *fill*         0x10007699        0x3 
 .rodata.__func__.1
                0x1000769c        0xb CMakeFiles/PicoPlayer.dir/C_/Users/tim.KOHLSTEDT0/Documents/Pico/pico-sdk/src/common/pico_sync/mutex.c.obj
 *fill*         0x100076a7        0x1 
 .rodata.__func__.3
                0x100076a8       0x18 CMakeFiles/PicoPlayer.dir/C_/Users/tim.KOHLSTEDT0/Documents/Pico/pico-sdk/src/common/pico_sync/mutex.c.obj
 .rodata.__func__.4
                0x100076c0       0x15 CMakeFiles/PicoPlayer.dir/C_/Users/tim.KOHLSTEDT0/Documents/Pico/pico-sdk/src/common/pico_sync/mutex.c.obj
 *fill*         0x100076d5        0x3 
 .rodata.repeating_timer_callback.str1.4
                0x100076d8       0x60 CMakeFiles/PicoPlayer.dir/C_/Users/tim.KOHLSTEDT0/Documents/Pico/pico-sdk/src/common/pico_time/time.c.obj
 .rodata.timer_pool_entry_comparator.str1.4
                0x10007738       0x22 CMakeFiles/PicoPlayer.dir/C_/Users/tim.KOHLSTEDT0/Documents/Pico/pico-sdk/src/common/pico_time/time.c.obj
 *fill*         0x1000775a        0x2 
 .rodata.ph_add_child_node.str1.4
                0x1000775c       0xaa CMakeFiles/PicoPlayer.dir/C_/Users/tim.KOHLSTEDT0/Documents/Pico/pico-sdk/src/common/pico_time/time.c.obj
 *fill*         0x10007806        0x2 
 .rodata.add_alarm_under_lock.str1.4
                0x10007808       0x28 CMakeFiles/PicoPlayer.dir/C_/Users/tim.KOHLSTEDT0/Documents/Pico/pico-sdk/src/common/pico_time/time.c.obj
                                 0x2b (size before relaxing)
 .rodata.alarm_pool_alarm_callback.str1.4
                0x10007830       0x98 CMakeFiles/PicoPlayer.dir/C_/Users/tim.KOHLSTEDT0/Documents/Pico/pico-sdk/src/common/pico_time/time.c.obj
                                0x110 (size before relaxing)
 .rodata.alarm_pool_get_default.str1.4
                0x100078c8       0x21 CMakeFiles/PicoPlayer.dir/C_/Users/tim.KOHLSTEDT0/Documents/Pico/pico-sdk/src/common/pico_time/time.c.obj
 *fill*         0x100078e9        0x3 
 .rodata.alarm_pool_cancel_alarm.str1.4
                0x100078ec       0x27 CMakeFiles/PicoPlayer.dir/C_/Users/tim.KOHLSTEDT0/Documents/Pico/pico-sdk/src/common/pico_time/time.c.obj
 *fill*         0x10007913        0x1 
 .rodata.__func__.1
                0x10007914       0x18 CMakeFiles/PicoPlayer.dir/C_/Users/tim.KOHLSTEDT0/Documents/Pico/pico-sdk/src/common/pico_time/time.c.obj
 .rodata.__func__.10
                0x1000792c       0x15 CMakeFiles/PicoPlayer.dir/C_/Users/tim.KOHLSTEDT0/Documents/Pico/pico-sdk/src/common/pico_time/time.c.obj
 *fill*         0x10007941        0x3 
 .rodata.__func__.11
                0x10007944       0x1a CMakeFiles/PicoPlayer.dir/C_/Users/tim.KOHLSTEDT0/Documents/Pico/pico-sdk/src/common/pico_time/time.c.obj
 *fill*         0x1000795e        0x2 
 .rodata.__func__.12
                0x10007960        0xa CMakeFiles/PicoPlayer.dir/C_/Users/tim.KOHLSTEDT0/Documents/Pico/pico-sdk/src/common/pico_time/time.c.obj
 *fill*         0x1000796a        0x2 
 .rodata.__func__.3
                0x1000796c       0x17 CMakeFiles/PicoPlayer.dir/C_/Users/tim.KOHLSTEDT0/Documents/Pico/pico-sdk/src/common/pico_time/time.c.obj
 *fill*         0x10007983        0x1 
 .rodata.__func__.4
                0x10007984       0x12 CMakeFiles/PicoPlayer.dir/C_/Users/tim.KOHLSTEDT0/Documents/Pico/pico-sdk/src/common/pico_time/time.c.obj
 *fill*         0x10007996        0x2 
 .rodata.__func__.5
                0x10007998        0xd CMakeFiles/PicoPlayer.dir/C_/Users/tim.KOHLSTEDT0/Documents/Pico/pico-sdk/src/common/pico_time/time.c.obj
 *fill*         0x100079a5        0x3 
 .rodata.__func__.6
                0x100079a8       0x12 CMakeFiles/PicoPlayer.dir/C_/Users/tim.KOHLSTEDT0/Documents/Pico/pico-sdk/src/common/pico_time/time.c.obj
 *fill*         0x100079ba        0x2 
 .rodata.__func__.7
                0x100079bc        0xf CMakeFiles/PicoPlayer.dir/C_/Users/tim.KOHLSTEDT0/Documents/Pico/pico-sdk/src/common/pico_time/time.c.obj
 *fill*         0x100079cb        0x1 
 .rodata.__func__.8
                0x100079cc        0xc CMakeFiles/PicoPlayer.dir/C_/Users/tim.KOHLSTEDT0/Documents/Pico/pico-sdk/src/common/pico_time/time.c.obj
 .rodata.__func__.9
                0x100079d8       0x15 CMakeFiles/PicoPlayer.dir/C_/Users/tim.KOHLSTEDT0/Documents/Pico/pico-sdk/src/common/pico_time/time.c.obj
 *fill*         0x100079ed        0x3 
 .rodata.hardware_alarm_claim.str1.4
                0x100079f0       0x22 CMakeFiles/PicoPlayer.dir/C_/Users/tim.KOHLSTEDT0/Documents/Pico/pico-sdk/src/rp2_common/hardware_timer/timer.c.obj
 *fill*         0x10007a12        0x2 
 .rodata.hardware_alarm_set_target.str1.4
                0x10007a14       0x7a CMakeFiles/PicoPlayer.dir/C_/Users/tim.KOHLSTEDT0/Documents/Pico/pico-sdk/src/rp2_common/hardware_timer/timer.c.obj
 *fill*         0x10007a8e        0x2 
 .rodata.__func__.0
                0x10007a90       0x1a CMakeFiles/PicoPlayer.dir/C_/Users/tim.KOHLSTEDT0/Documents/Pico/pico-sdk/src/rp2_common/hardware_timer/timer.c.obj
 .rodata.ph_add_child_node.str1.4
                0x10007aaa       0xaa CMakeFiles/PicoPlayer.dir/C_/Users/tim.KOHLSTEDT0/Documents/Pico/pico-sdk/src/common/pico_util/pheap.c.obj
 *fill*         0x10007aaa        0x2 
 .rodata.ph_remove_any_head.str1.4
                0x10007aac       0xa4 CMakeFiles/PicoPlayer.dir/C_/Users/tim.KOHLSTEDT0/Documents/Pico/pico-sdk/src/common/pico_util/pheap.c.obj
                                 0xb8 (size before relaxing)
 .rodata.ph_remove_and_free_node.str1.4
                0x10007b50       0x1e CMakeFiles/PicoPlayer.dir/C_/Users/tim.KOHLSTEDT0/Documents/Pico/pico-sdk/src/common/pico_util/pheap.c.obj
                                 0x26 (size before relaxing)
 *fill*         0x10007b6e        0x2 
 .rodata.__func__.0
                0x10007b70       0x18 CMakeFiles/PicoPlayer.dir/C_/Users/tim.KOHLSTEDT0/Documents/Pico/pico-sdk/src/common/pico_util/pheap.c.obj
 .rodata.__func__.1
                0x10007b88       0x13 CMakeFiles/PicoPlayer.dir/C_/Users/tim.KOHLSTEDT0/Documents/Pico/pico-sdk/src/common/pico_util/pheap.c.obj
 *fill*         0x10007b9b        0x1 
 .rodata.__func__.2
                0x10007b9c       0x12 CMakeFiles/PicoPlayer.dir/C_/Users/tim.KOHLSTEDT0/Documents/Pico/pico-sdk/src/common/pico_util/pheap.c.obj
 *fill*         0x10007bae        0x2 
 .rodata.__func__.3
                0x10007bb0        0xc CMakeFiles/PicoPlayer.dir/C_/Users/tim.KOHLSTEDT0/Documents/Pico/pico-sdk/src/common/pico_util/pheap.c.obj
 .rodata.clock_configure.str1.4
                0x10007bbc       0x6c CMakeFiles/PicoPlayer.dir/C_/Users/tim.KOHLSTEDT0/Documents/Pico/pico-sdk/src/rp2_common/hardware_clocks/clocks.c.obj
 .rodata.__func__.1
                0x10007c28       0x10 CMakeFiles/PicoPlayer.dir/C_/Users/tim.KOHLSTEDT0/Documents/Pico/pico-sdk/src/rp2_common/hardware_clocks/clocks.c.obj
 .rodata.pll_init.str1.4
                0x10007c38      0x137 CMakeFiles/PicoPlayer.dir/C_/Users/tim.KOHLSTEDT0/Documents/Pico/pico-sdk/src/rp2_common/hardware_pll/pll.c.obj
 *fill*         0x10007d6f        0x1 
 .rodata.__func__.0
                0x10007d70        0x9 CMakeFiles/PicoPlayer.dir/C_/Users/tim.KOHLSTEDT0/Documents/Pico/pico-sdk/src/rp2_common/hardware_pll/pll.c.obj
 *fill*         0x10007d79        0x3 
 .rodata.__assert_func.str1.4
                0x10007d7c       0x3f CMakeFiles/PicoPlayer.dir/C_/Users/tim.KOHLSTEDT0/Documents/Pico/pico-sdk/src/rp2_common/pico_runtime/runtime.c.obj
                                 0x43 (size before relaxing)
 *fill*         0x10007dbb        0x1 
 .rodata.runtime_init.str1.4
                0x10007dbc       0x76 CMakeFiles/PicoPlayer.dir/C_/Users/tim.KOHLSTEDT0/Documents/Pico/pico-sdk/src/rp2_common/pico_runtime/runtime.c.obj
 *fill*         0x10007e32        0x2 
 .rodata.panic.str1.4
                0x10007e34       0x12 CMakeFiles/PicoPlayer.dir/C_/Users/tim.KOHLSTEDT0/Documents/Pico/pico-sdk/src/rp2_common/pico_runtime/runtime.c.obj
 *fill*         0x10007e46        0x2 
 .rodata.__func__.2
                0x10007e48        0xd CMakeFiles/PicoPlayer.dir/C_/Users/tim.KOHLSTEDT0/Documents/Pico/pico-sdk/src/rp2_common/pico_runtime/runtime.c.obj
 *fill*         0x10007e55        0x3 
 .rodata._ftoa.str1.4
                0x10007e58       0x15 CMakeFiles/PicoPlayer.dir/C_/Users/tim.KOHLSTEDT0/Documents/Pico/pico-sdk/src/rp2_common/pico_printf/printf.c.obj
 *fill*         0x10007e6d        0x3 
 .rodata._vsnprintf
                0x10007e70      0x19c CMakeFiles/PicoPlayer.dir/C_/Users/tim.KOHLSTEDT0/Documents/Pico/pico-sdk/src/rp2_common/pico_printf/printf.c.obj
 *fill*         0x1000800c        0x4 
 .rodata.pow10.0
                0x10008010       0x50 CMakeFiles/PicoPlayer.dir/C_/Users/tim.KOHLSTEDT0/Documents/Pico/pico-sdk/src/rp2_common/pico_printf/printf.c.obj
 .rodata.__aeabi_double_init.str1.4
                0x10008060       0xbd CMakeFiles/PicoPlayer.dir/C_/Users/tim.KOHLSTEDT0/Documents/Pico/pico-sdk/src/rp2_common/pico_double/double_init_rom.c.obj
 *fill*         0x1000811d        0x3 
 .rodata.__func__.0
                0x10008120       0x14 CMakeFiles/PicoPlayer.dir/C_/Users/tim.KOHLSTEDT0/Documents/Pico/pico-sdk/src/rp2_common/pico_double/double_init_rom.c.obj
 .rodata.__aeabi_float_init.str1.4
                0x10008134       0x8f CMakeFiles/PicoPlayer.dir/C_/Users/tim.KOHLSTEDT0/Documents/Pico/pico-sdk/src/rp2_common/pico_float/float_init_rom.c.obj
                                 0x93 (size before relaxing)
 *fill*         0x100081c3        0x1 
 .rodata.__func__.0
                0x100081c4       0x13 CMakeFiles/PicoPlayer.dir/C_/Users/tim.KOHLSTEDT0/Documents/Pico/pico-sdk/src/rp2_common/pico_float/float_init_rom.c.obj
 *fill*         0x100081d7        0x1 
 .rodata.str1.4
                0x100081d8       0x44 CMakeFiles/PicoPlayer.dir/C_/Users/tim.KOHLSTEDT0/Documents/Pico/pico-sdk/src/rp2_common/pico_standard_link/binary_info.c.obj
 .rodata.__bi_44
                0x1000821c        0xc CMakeFiles/PicoPlayer.dir/C_/Users/tim.KOHLSTEDT0/Documents/Pico/pico-sdk/src/rp2_common/pico_standard_link/binary_info.c.obj
 .rodata.__bi_56
                0x10008228        0xc CMakeFiles/PicoPlayer.dir/C_/Users/tim.KOHLSTEDT0/Documents/Pico/pico-sdk/src/rp2_common/pico_standard_link/binary_info.c.obj
 .rodata.__bi_75
                0x10008234        0xc CMakeFiles/PicoPlayer.dir/C_/Users/tim.KOHLSTEDT0/Documents/Pico/pico-sdk/src/rp2_common/pico_standard_link/binary_info.c.obj
 .rodata.__bi_81
                0x10008240        0xc CMakeFiles/PicoPlayer.dir/C_/Users/tim.KOHLSTEDT0/Documents/Pico/pico-sdk/src/rp2_common/pico_standard_link/binary_info.c.obj
 .rodata.stdout_serialize_begin.str1.4
                0x1000824c       0x76 CMakeFiles/PicoPlayer.dir/C_/Users/tim.KOHLSTEDT0/Documents/Pico/pico-sdk/src/rp2_common/pico_stdio/stdio.c.obj
 .rodata.__func__.3
                0x1000824c       0x15 CMakeFiles/PicoPlayer.dir/C_/Users/tim.KOHLSTEDT0/Documents/Pico/pico-sdk/src/rp2_common/pico_stdio/stdio.c.obj
 *fill*         0x10008261        0x3 
 .rodata.crlf_str.2
                0x10008264        0x2 CMakeFiles/PicoPlayer.dir/C_/Users/tim.KOHLSTEDT0/Documents/Pico/pico-sdk/src/rp2_common/pico_stdio/stdio.c.obj
 *fill*         0x10008266        0x2 
 .rodata.str1.4
                0x10008268       0x2c CMakeFiles/PicoPlayer.dir/C_/Users/tim.KOHLSTEDT0/Documents/Pico/pico-sdk/src/rp2_common/pico_stdio_uart/stdio_uart.c.obj
 .rodata.__bi_33.4
                0x10008294        0xc CMakeFiles/PicoPlayer.dir/C_/Users/tim.KOHLSTEDT0/Documents/Pico/pico-sdk/src/rp2_common/pico_stdio_uart/stdio_uart.c.obj
 .rodata.__bi_34.5
                0x100082a0        0x8 CMakeFiles/PicoPlayer.dir/C_/Users/tim.KOHLSTEDT0/Documents/Pico/pico-sdk/src/rp2_common/pico_stdio_uart/stdio_uart.c.obj
 .rodata._resetd_driver
                0x100082a8       0x18 CMakeFiles/PicoPlayer.dir/C_/Users/tim.KOHLSTEDT0/Documents/Pico/pico-sdk/src/rp2_common/pico_stdio_usb/reset_interface.c.obj
 .rodata.low_priority_worker_irq.str1.4
                0x100082c0       0x76 CMakeFiles/PicoPlayer.dir/C_/Users/tim.KOHLSTEDT0/Documents/Pico/pico-sdk/src/rp2_common/pico_stdio_usb/stdio_usb.c.obj
 .rodata.stdio_usb_init.str1.4
                0x100082c0       0x5a CMakeFiles/PicoPlayer.dir/C_/Users/tim.KOHLSTEDT0/Documents/Pico/pico-sdk/src/rp2_common/pico_stdio_usb/stdio_usb.c.obj
                                 0x62 (size before relaxing)
 *fill*         0x1000831a        0x2 
 .rodata.str1.4
                0x1000831c       0x13 CMakeFiles/PicoPlayer.dir/C_/Users/tim.KOHLSTEDT0/Documents/Pico/pico-sdk/src/rp2_common/pico_stdio_usb/stdio_usb.c.obj
 *fill*         0x1000832f        0x1 
 .rodata.__bi_188.0
                0x10008330        0xc CMakeFiles/PicoPlayer.dir/C_/Users/tim.KOHLSTEDT0/Documents/Pico/pico-sdk/src/rp2_common/pico_stdio_usb/stdio_usb.c.obj
 .rodata.__func__.1
                0x1000833c        0xf CMakeFiles/PicoPlayer.dir/C_/Users/tim.KOHLSTEDT0/Documents/Pico/pico-sdk/src/rp2_common/pico_stdio_usb/stdio_usb.c.obj
 *fill*         0x1000834b        0x1 
 .rodata.__func__.3
                0x1000834c       0x15 CMakeFiles/PicoPlayer.dir/C_/Users/tim.KOHLSTEDT0/Documents/Pico/pico-sdk/src/rp2_common/pico_stdio_usb/stdio_usb.c.obj
 *fill*         0x10008361        0x3 
 .rodata.str1.4
                0x10008364       0x2a CMakeFiles/PicoPlayer.dir/C_/Users/tim.KOHLSTEDT0/Documents/Pico/pico-sdk/src/rp2_common/pico_stdio_usb/stdio_usb_descriptors.c.obj
 *fill*         0x1000838e        0x2 
 .rodata.usbd_desc_cfg
                0x10008390       0x54 CMakeFiles/PicoPlayer.dir/C_/Users/tim.KOHLSTEDT0/Documents/Pico/pico-sdk/src/rp2_common/pico_stdio_usb/stdio_usb_descriptors.c.obj
 .rodata.usbd_desc_device
                0x100083e4       0x12 CMakeFiles/PicoPlayer.dir/C_/Users/tim.KOHLSTEDT0/Documents/Pico/pico-sdk/src/rp2_common/pico_stdio_usb/stdio_usb_descriptors.c.obj
 *fill*         0x100083f6        0x2 
 .rodata.usbd_desc_str
                0x100083f8       0x18 CMakeFiles/PicoPlayer.dir/C_/Users/tim.KOHLSTEDT0/Documents/Pico/pico-sdk/src/rp2_common/pico_stdio_usb/stdio_usb_descriptors.c.obj
 .rodata.pico_get_unique_board_id_string.str1.4
                0x10008410       0x62 CMakeFiles/PicoPlayer.dir/C_/Users/tim.KOHLSTEDT0/Documents/Pico/pico-sdk/src/rp2_common/pico_unique_id/unique_id.c.obj
 *fill*         0x10008472        0x2 
 .rodata.__func__.0
                0x10008474       0x20 CMakeFiles/PicoPlayer.dir/C_/Users/tim.KOHLSTEDT0/Documents/Pico/pico-sdk/src/rp2_common/pico_unique_id/unique_id.c.obj
 .rodata.str1.4
                0x10008494      0x16e CMakeFiles/PicoPlayer.dir/C_/Users/tim.KOHLSTEDT0/Documents/Pico/pico-sdk/src/rp2_common/hardware_flash/flash.c.obj
 *fill*         0x10008602        0x2 
 .rodata.__func__.0
                0x10008604        0xd CMakeFiles/PicoPlayer.dir/C_/Users/tim.KOHLSTEDT0/Documents/Pico/pico-sdk/src/rp2_common/hardware_flash/flash.c.obj
 *fill*         0x10008611        0x3 
 .rodata._hw_endpoint_alloc.str1.4
                0x10008614       0xcd CMakeFiles/PicoPlayer.dir/C_/Users/tim.KOHLSTEDT0/Documents/Pico/pico-sdk/lib/tinyusb/src/portable/raspberrypi/rp2040/dcd_rp2040.c.obj
 *fill*         0x100086e1        0x3 
 .rodata.str1.4
                0x100086e4       0x14 CMakeFiles/PicoPlayer.dir/C_/Users/tim.KOHLSTEDT0/Documents/Pico/pico-sdk/lib/tinyusb/src/portable/raspberrypi/rp2040/dcd_rp2040.c.obj
 .rodata.dcd_int_enable.str1.4
                0x100086f8        0xc CMakeFiles/PicoPlayer.dir/C_/Users/tim.KOHLSTEDT0/Documents/Pico/pico-sdk/lib/tinyusb/src/portable/raspberrypi/rp2040/dcd_rp2040.c.obj
 .rodata.__func__.0
                0x10008704        0xe CMakeFiles/PicoPlayer.dir/C_/Users/tim.KOHLSTEDT0/Documents/Pico/pico-sdk/lib/tinyusb/src/portable/raspberrypi/rp2040/dcd_rp2040.c.obj
 *fill*         0x10008712        0x2 
 .rodata.__func__.1
                0x10008714        0xe CMakeFiles/PicoPlayer.dir/C_/Users/tim.KOHLSTEDT0/Documents/Pico/pico-sdk/lib/tinyusb/src/portable/raspberrypi/rp2040/dcd_rp2040.c.obj
 *fill*         0x10008722        0x2 
 .rodata.__func__.3
                0x10008724       0x10 CMakeFiles/PicoPlayer.dir/C_/Users/tim.KOHLSTEDT0/Documents/Pico/pico-sdk/lib/tinyusb/src/portable/raspberrypi/rp2040/dcd_rp2040.c.obj
 .rodata.__func__.5
                0x10008734        0xf CMakeFiles/PicoPlayer.dir/C_/Users/tim.KOHLSTEDT0/Documents/Pico/pico-sdk/lib/tinyusb/src/portable/raspberrypi/rp2040/dcd_rp2040.c.obj
 *fill*         0x10008743        0x1 
 .rodata.__func__.6
                0x10008744       0x13 CMakeFiles/PicoPlayer.dir/C_/Users/tim.KOHLSTEDT0/Documents/Pico/pico-sdk/lib/tinyusb/src/portable/raspberrypi/rp2040/dcd_rp2040.c.obj
 *fill*         0x10008757        0x1 
 .rodata.__func__.7
                0x10008758        0x9 CMakeFiles/PicoPlayer.dir/C_/Users/tim.KOHLSTEDT0/Documents/Pico/pico-sdk/lib/tinyusb/src/portable/raspberrypi/rp2040/dcd_rp2040.c.obj
 *fill*         0x10008761        0x3 
 .rodata.str1.4
                0x10008764       0xf5 CMakeFiles/PicoPlayer.dir/C_/Users/tim.KOHLSTEDT0/Documents/Pico/pico-sdk/lib/tinyusb/src/portable/raspberrypi/rp2040/rp2040_usb.c.obj
                                 0xff (size before relaxing)
 *fill*         0x10008859        0x3 
 .rodata.__func__.0
                0x1000885c        0xf CMakeFiles/PicoPlayer.dir/C_/Users/tim.KOHLSTEDT0/Documents/Pico/pico-sdk/lib/tinyusb/src/portable/raspberrypi/rp2040/rp2040_usb.c.obj
 *fill*         0x1000886b        0x1 
 .rodata.process_get_descriptor
                0x1000886c       0x40 CMakeFiles/PicoPlayer.dir/C_/Users/tim.KOHLSTEDT0/Documents/Pico/pico-sdk/lib/tinyusb/src/device/usbd.c.obj
 .rodata.process_control_request
                0x100088ac       0x28 CMakeFiles/PicoPlayer.dir/C_/Users/tim.KOHLSTEDT0/Documents/Pico/pico-sdk/lib/tinyusb/src/device/usbd.c.obj
 .rodata.tud_task_ext
                0x100088d4       0x24 CMakeFiles/PicoPlayer.dir/C_/Users/tim.KOHLSTEDT0/Documents/Pico/pico-sdk/lib/tinyusb/src/device/usbd.c.obj
 .rodata._usbd_driver
                0x100088f8       0x18 CMakeFiles/PicoPlayer.dir/C_/Users/tim.KOHLSTEDT0/Documents/Pico/pico-sdk/lib/tinyusb/src/device/usbd.c.obj
 .rodata.i2c_set_baudrate.str1.4
                0x10008910       0x72 CMakeFiles/PicoPlayer.dir/C_/Users/tim.KOHLSTEDT0/Documents/Pico/pico-sdk/src/rp2_common/hardware_i2c/i2c.c.obj
 *fill*         0x10008982        0x2 
 .rodata.__func__.0
                0x10008984       0x11 CMakeFiles/PicoPlayer.dir/C_/Users/tim.KOHLSTEDT0/Documents/Pico/pico-sdk/src/rp2_common/hardware_i2c/i2c.c.obj
                0x10008998                . = ALIGN (0x4)
 *fill*         0x10008995        0x3 
 *(SORT_BY_ALIGNMENT(SORT_BY_NAME(.flashdata*)))
                0x10008998                . = ALIGN (0x4)

.rel.dyn        0x10008998        0x0
 .rel.iplt      0x10008998        0x0 c:/progra~2/armgnu~1/1142da~1.3re/bin/../lib/gcc/arm-none-eabi/11.3.1/thumb/v6-m/nofp/crtbegin.o

.ARM.extab
 *(.ARM.extab* .gnu.linkonce.armextab.*)
                0x10008998                __exidx_start = .

.ARM.exidx
 *(.ARM.exidx* .gnu.linkonce.armexidx.*)
                0x10008998                __exidx_end = .
                0x10008998                . = ALIGN (0x4)
                0x10008998                __binary_info_start = .

.binary_info    0x10008998       0x2c
 *(.binary_info.keep.*)
 .binary_info.keep.__bi_ptr22
                0x10008998        0x4 CMakeFiles/PicoPlayer.dir/C_/Users/tim.KOHLSTEDT0/Documents/Pico/pico-sdk/src/rp2_common/pico_standard_link/binary_info.c.obj
 .binary_info.keep.__bi_ptr30
                0x1000899c        0x4 CMakeFiles/PicoPlayer.dir/C_/Users/tim.KOHLSTEDT0/Documents/Pico/pico-sdk/src/rp2_common/pico_standard_link/binary_info.c.obj
 .binary_info.keep.__bi_ptr38
                0x100089a0        0x4 CMakeFiles/PicoPlayer.dir/C_/Users/tim.KOHLSTEDT0/Documents/Pico/pico-sdk/src/rp2_common/pico_standard_link/binary_info.c.obj
 .binary_info.keep.__bi_ptr44
                0x100089a4        0x4 CMakeFiles/PicoPlayer.dir/C_/Users/tim.KOHLSTEDT0/Documents/Pico/pico-sdk/src/rp2_common/pico_standard_link/binary_info.c.obj
 .binary_info.keep.__bi_ptr50
                0x100089a8        0x4 CMakeFiles/PicoPlayer.dir/C_/Users/tim.KOHLSTEDT0/Documents/Pico/pico-sdk/src/rp2_common/pico_standard_link/binary_info.c.obj
 .binary_info.keep.__bi_ptr56
                0x100089ac        0x4 CMakeFiles/PicoPlayer.dir/C_/Users/tim.KOHLSTEDT0/Documents/Pico/pico-sdk/src/rp2_common/pico_standard_link/binary_info.c.obj
 .binary_info.keep.__bi_ptr75
                0x100089b0        0x4 CMakeFiles/PicoPlayer.dir/C_/Users/tim.KOHLSTEDT0/Documents/Pico/pico-sdk/src/rp2_common/pico_standard_link/binary_info.c.obj
 .binary_info.keep.__bi_ptr81
                0x100089b4        0x4 CMakeFiles/PicoPlayer.dir/C_/Users/tim.KOHLSTEDT0/Documents/Pico/pico-sdk/src/rp2_common/pico_standard_link/binary_info.c.obj
 *(.binary_info.*)
 .binary_info.__bi_ptr33
                0x100089b8        0x4 CMakeFiles/PicoPlayer.dir/C_/Users/tim.KOHLSTEDT0/Documents/Pico/pico-sdk/src/rp2_common/pico_stdio_uart/stdio_uart.c.obj
 .binary_info.__bi_ptr34
                0x100089bc        0x4 CMakeFiles/PicoPlayer.dir/C_/Users/tim.KOHLSTEDT0/Documents/Pico/pico-sdk/src/rp2_common/pico_stdio_uart/stdio_uart.c.obj
 .binary_info.__bi_ptr188
                0x100089c0        0x4 CMakeFiles/PicoPlayer.dir/C_/Users/tim.KOHLSTEDT0/Documents/Pico/pico-sdk/src/rp2_common/pico_stdio_usb/stdio_usb.c.obj
                0x100089c4                __binary_info_end = .
                0x100089c4                . = ALIGN (0x4)
                0x100089c4                __etext = .

.ram_vector_table
                0x20000000       0xc0
 *(.ram_vector_table)
 .ram_vector_table
                0x20000000       0xc0 CMakeFiles/PicoPlayer.dir/C_/Users/tim.KOHLSTEDT0/Documents/Pico/pico-sdk/src/rp2_common/pico_runtime/runtime.c.obj
                0x20000000                ram_vector_table

.data           0x200000c0      0xbf0 load address 0x100089c4
                0x200000c0                __data_start__ = .
 *(vtable)
 *(.time_critical*)
 .time_critical.mutex_try_enter
                0x200000c0       0x46 CMakeFiles/PicoPlayer.dir/C_/Users/tim.KOHLSTEDT0/Documents/Pico/pico-sdk/src/common/pico_sync/mutex.c.obj
                0x200000c0                mutex_try_enter
 *fill*         0x20000106        0x2 
 .time_critical.mutex_enter_block_until
                0x20000108       0x8c CMakeFiles/PicoPlayer.dir/C_/Users/tim.KOHLSTEDT0/Documents/Pico/pico-sdk/src/common/pico_sync/mutex.c.obj
                0x20000108                mutex_enter_block_until
 .time_critical.mutex_try_enter_block_until
                0x20000194       0x34 CMakeFiles/PicoPlayer.dir/C_/Users/tim.KOHLSTEDT0/Documents/Pico/pico-sdk/src/common/pico_sync/mutex.c.obj
                0x20000194                mutex_try_enter_block_until
 .time_critical.mutex_enter_timeout_ms
                0x200001c8       0x68 CMakeFiles/PicoPlayer.dir/C_/Users/tim.KOHLSTEDT0/Documents/Pico/pico-sdk/src/common/pico_sync/mutex.c.obj
                0x200001c8                mutex_enter_timeout_ms
 .time_critical.mutex_exit
                0x20000230       0x4c CMakeFiles/PicoPlayer.dir/C_/Users/tim.KOHLSTEDT0/Documents/Pico/pico-sdk/src/common/pico_sync/mutex.c.obj
                0x20000230                mutex_exit
 .time_critical.flash_init_boot2_copyout
                0x2000027c       0x30 CMakeFiles/PicoPlayer.dir/C_/Users/tim.KOHLSTEDT0/Documents/Pico/pico-sdk/src/rp2_common/hardware_flash/flash.c.obj
 .time_critical.flash_enable_xip_via_boot2
                0x200002ac       0x10 CMakeFiles/PicoPlayer.dir/C_/Users/tim.KOHLSTEDT0/Documents/Pico/pico-sdk/src/rp2_common/hardware_flash/flash.c.obj
 .time_critical.flash_cs_force
                0x200002bc       0x28 CMakeFiles/PicoPlayer.dir/C_/Users/tim.KOHLSTEDT0/Documents/Pico/pico-sdk/src/rp2_common/hardware_flash/flash.c.obj
 .time_critical.flash_do_cmd
                0x200002e4       0xd8 CMakeFiles/PicoPlayer.dir/C_/Users/tim.KOHLSTEDT0/Documents/Pico/pico-sdk/src/rp2_common/hardware_flash/flash.c.obj
                0x200002e4                flash_do_cmd
 .time_critical.reset_non_control_endpoints
                0x200003bc       0x40 CMakeFiles/PicoPlayer.dir/C_/Users/tim.KOHLSTEDT0/Documents/Pico/pico-sdk/lib/tinyusb/src/portable/raspberrypi/rp2040/dcd_rp2040.c.obj
 .time_critical.hw_handle_buff_status
                0x200003fc       0xa4 CMakeFiles/PicoPlayer.dir/C_/Users/tim.KOHLSTEDT0/Documents/Pico/pico-sdk/lib/tinyusb/src/portable/raspberrypi/rp2040/dcd_rp2040.c.obj
 .time_critical.dcd_rp2040_irq
                0x200004a0      0x1cc CMakeFiles/PicoPlayer.dir/C_/Users/tim.KOHLSTEDT0/Documents/Pico/pico-sdk/lib/tinyusb/src/portable/raspberrypi/rp2040/dcd_rp2040.c.obj
 .time_critical.e15_is_bulkin_ep
                0x2000066c       0x2c CMakeFiles/PicoPlayer.dir/C_/Users/tim.KOHLSTEDT0/Documents/Pico/pico-sdk/lib/tinyusb/src/portable/raspberrypi/rp2040/rp2040_usb.c.obj
 .time_critical.e15_is_critical_frame_period
                0x20000698       0x30 CMakeFiles/PicoPlayer.dir/C_/Users/tim.KOHLSTEDT0/Documents/Pico/pico-sdk/lib/tinyusb/src/portable/raspberrypi/rp2040/rp2040_usb.c.obj
 .time_critical.prepare_ep_buffer
                0x200006c8       0x6c CMakeFiles/PicoPlayer.dir/C_/Users/tim.KOHLSTEDT0/Documents/Pico/pico-sdk/lib/tinyusb/src/portable/raspberrypi/rp2040/rp2040_usb.c.obj
 .time_critical.sync_ep_buffer
                0x20000734       0x7c CMakeFiles/PicoPlayer.dir/C_/Users/tim.KOHLSTEDT0/Documents/Pico/pico-sdk/lib/tinyusb/src/portable/raspberrypi/rp2040/rp2040_usb.c.obj
 .time_critical._hw_endpoint_xfer_sync
                0x200007b0       0x28 CMakeFiles/PicoPlayer.dir/C_/Users/tim.KOHLSTEDT0/Documents/Pico/pico-sdk/lib/tinyusb/src/portable/raspberrypi/rp2040/rp2040_usb.c.obj
 .time_critical.hw_endpoint_reset_transfer